
## 2026-09-14T02:35:00Z
=== Job Crawler Starting ===
Time: 2026-09-14T02:33:52.303Z
Existing jobs in sheet: 13981
[Remotive] Found 0 jobs
[Company-Direct] Found 0 jobs from GitLab
[WeWorkRemotely] Found 0 jobs
[Company-Direct] Found 0 jobs from Cloudflare
[RemoteOK] Found 0 jobs
[JSearch] Error for query "software engineer": JSearch API responded with status 429 for query "software engineer"
[Company-Direct] Found 0 jobs from Figma
[JSearch] Error for query "backend engineer": JSearch API responded with status 429 for query "backend engineer"
[JapanDev] Found 0 jobs
[JSearch] Error for query "fullstack developer": JSearch API responded with status 429 for query "fullstack developer"
[JSearch] Total: 0 jobs from 3 queries
[Company-Direct] Found 0 jobs from Stripe
[Company-Direct] Found 0 jobs from Vercel
[Company-Direct] Found 0 jobs from Speechify
[Kalibrr] Query "software engineer": found 50 jobs (total: 1102)
[Company-Direct] Found 0 jobs from CircleCI
[Company-Direct] Found 0 jobs from Consensys
[Company-Direct] Found 0 jobs from Modern Health
[Company-Direct] Error crawling ReCharge: Greenhouse API responded with status 404 for ReCharge
[Company-Direct] Found 7 jobs from Xendit
[BankNeo] Found 0 jobs (0 total)
[Company-Direct] Found 0 jobs from Agoda
[Kalibrr] Query "backend engineer": found 50 jobs (total: 1102)
[Kalibrr] Query "fullstack developer": found 50 jobs (total: 1102)
[Kalibrr] Total: 0 jobs from 3 queries
[Company-Direct] Found 0 jobs from Twilio
[Company-Direct] Found 0 jobs from Remote
[Company-Direct] Found 0 jobs from Imply
[Company-Direct] Error crawling Netflix: Lever API responded with status 404 for Netflix
[TechInAsia] Found 3 jobs (total available: 282)
[Company-Direct] Found 26 jobs from Jobgether
[Company-Direct] Found 0 jobs from Kraken
[Company-Direct] Error crawling Medium: Lever API responded with status 404 for Medium
[Company-Direct] Error crawling Skillshare: Lever API responded with status 404 for Skillshare
[Company-Direct] Error crawling Tiket: Lever API responded with status 404 for Tiket
[Company-Direct] Found 0 jobs from Xsolla
[Company-Direct] Found 0 jobs from Notion
[Company-Direct] Found 0 jobs from Ramp
[Company-Direct] Found 0 jobs from Linear
[Company-Direct] Found 0 jobs from Deel
[Company-Direct] Found 0 jobs from Pave
[Company-Direct] Found 0 jobs from Bespoke Labs
[Company-Direct] Found 0 jobs from Snowflake
[Company-Direct] Found 0 jobs from Perplexity AI
[Company-Direct] Found 0 jobs from Lavendo
[Company-Direct] Found 0 jobs from Employment Hero
[Company-Direct] Found 18 jobs from Ajaib
[Company-Direct] Found 22 jobs from Stockbit
[Company-Direct] Found 0 jobs from Traveloka
[Company-Direct] Found 0 jobs from Dana
[Company-Direct] Found 0 jobs from Halodoc
[Company-Direct] Found 0 jobs from Kredivo
[Company-Direct] Found 0 jobs from Mitrais
[Company-Direct] Found 0 jobs from TabSquare
[Company-Direct] Found 2 jobs from Grab
[Company-Direct] Found 0 jobs from Wise
[Company-Direct] Found 0 jobs from Kata.ai
[Company-Direct] Found 0 jobs from Carousell
[Company-Direct] Found 5 jobs from Bookipi
[Company-Direct] Found 1 jobs from Shippit
[Blibli] Found 91 jobs (91 engineering out of 188 total)
RemoteOK: 0 jobs, 0 errors
Remotive: 0 jobs, 0 errors
Greenhouse: 81 jobs, 5 errors
JapanDev: 0 jobs, 0 errors
WeWorkRemotely: 0 jobs, 0 errors
TechInAsia: 3 jobs, 0 errors
Kalibrr: 0 jobs, 0 errors
Blibli: 91 jobs, 0 errors
BankNeo: 0 jobs, 0 errors
JSearch: 0 jobs, 3 errors

Total raw jobs collected: 175
After filtering: 13 jobs
After deduplication: 3 new jobs
Appended 3 jobs to Google Sheets

Errors (8):
  - ReCharge crawl failed: Greenhouse API responded with status 404 for ReCharge
  - Netflix crawl failed: Lever API responded with status 404 for Netflix
  - Medium crawl failed: Lever API responded with status 404 for Medium
  - Skillshare crawl failed: Lever API responded with status 404 for Skillshare
  - Tiket crawl failed: Lever API responded with status 404 for Tiket
  - JSearch query "software engineer" failed: JSearch API responded with status 429 for query "software engineer"
  - JSearch query "backend engineer" failed: JSearch API responded with status 429 for query "backend engineer"
  - JSearch query "fullstack developer" failed: JSearch API responded with status 429 for query "fullstack developer"

=== Job Crawler Complete ===

## 2026-09-14T11:20:01Z
=== Job Crawler Starting ===
Time: 2026-09-14T11:18:54.884Z
Existing jobs in sheet: 13984
[Remotive] Found 0 jobs
[WeWorkRemotely] Found 0 jobs
[Company-Direct] Found 0 jobs from GitLab
[JapanDev] Found 0 jobs
[Company-Direct] Found 5 jobs from Cloudflare
[JSearch] Error for query "software engineer": JSearch API responded with status 429 for query "software engineer"
[JSearch] Error for query "backend engineer": JSearch API responded with status 429 for query "backend engineer"
[RemoteOK] Found 0 jobs
[JSearch] Error for query "fullstack developer": JSearch API responded with status 429 for query "fullstack developer"
[JSearch] Total: 0 jobs from 3 queries
[BankNeo] Found 0 jobs (0 total)
[Kalibrr] Query "software engineer": found 50 jobs (total: 1117)
[Kalibrr] Query "backend engineer": found 50 jobs (total: 1117)
[Kalibrr] Query "fullstack developer": found 50 jobs (total: 1117)
[Kalibrr] Total: 0 jobs from 3 queries
[Company-Direct] Found 0 jobs from Figma
[Company-Direct] Found 1 jobs from Stripe
[Company-Direct] Found 0 jobs from Vercel
[Company-Direct] Found 0 jobs from Speechify
[Company-Direct] Found 0 jobs from CircleCI
[Company-Direct] Found 0 jobs from Consensys
[Company-Direct] Found 0 jobs from Modern Health
[Company-Direct] Error crawling ReCharge: Greenhouse API responded with status 404 for ReCharge
[Company-Direct] Found 7 jobs from Xendit
[Company-Direct] Found 5 jobs from Agoda
[Company-Direct] Found 0 jobs from Twilio
[Company-Direct] Found 0 jobs from Remote
[Company-Direct] Found 0 jobs from Imply
[Company-Direct] Error crawling Netflix: Lever API responded with status 404 for Netflix
[Company-Direct] Found 216 jobs from Jobgether
[Company-Direct] Found 0 jobs from Kraken
[Company-Direct] Error crawling Medium: Lever API responded with status 404 for Medium
[Company-Direct] Error crawling Skillshare: Lever API responded with status 404 for Skillshare
[Company-Direct] Error crawling Tiket: Lever API responded with status 404 for Tiket
[Company-Direct] Found 4 jobs from Xsolla
[Company-Direct] Found 0 jobs from Notion
[Company-Direct] Found 0 jobs from Ramp
[Company-Direct] Found 0 jobs from Linear
[Company-Direct] Found 0 jobs from Deel
[Company-Direct] Found 0 jobs from Pave
[Company-Direct] Found 0 jobs from Bespoke Labs
[Company-Direct] Found 0 jobs from Snowflake
[Company-Direct] Found 0 jobs from Perplexity AI
[Company-Direct] Found 0 jobs from Lavendo
[Company-Direct] Found 0 jobs from Employment Hero
[Company-Direct] Found 18 jobs from Ajaib
[TechInAsia] Found 16 jobs (total available: 287)
[Company-Direct] Found 20 jobs from Stockbit
[Company-Direct] Found 0 jobs from Traveloka
[Company-Direct] Found 0 jobs from Dana
[Company-Direct] Found 0 jobs from Halodoc
[Company-Direct] Found 0 jobs from Kredivo
[Company-Direct] Found 0 jobs from Mitrais
[Company-Direct] Found 0 jobs from TabSquare
[Company-Direct] Found 8 jobs from Grab
[Company-Direct] Found 3 jobs from Wise
[Company-Direct] Found 0 jobs from Kata.ai
[Company-Direct] Found 2 jobs from Carousell
[Company-Direct] Found 5 jobs from Bookipi
[Company-Direct] Found 1 jobs from Shippit
[Blibli] Found 89 jobs (89 engineering out of 190 total)
RemoteOK: 0 jobs, 0 errors
Remotive: 0 jobs, 0 errors
Greenhouse: 295 jobs, 5 errors
JapanDev: 0 jobs, 0 errors
WeWorkRemotely: 0 jobs, 0 errors
TechInAsia: 16 jobs, 0 errors
Kalibrr: 0 jobs, 0 errors
Blibli: 89 jobs, 0 errors
BankNeo: 0 jobs, 0 errors
JSearch: 0 jobs, 3 errors

Total raw jobs collected: 400
After filtering: 41 jobs
After deduplication: 26 new jobs
Appended 26 jobs to Google Sheets

Errors (8):
  - ReCharge crawl failed: Greenhouse API responded with status 404 for ReCharge
  - Netflix crawl failed: Lever API responded with status 404 for Netflix
  - Medium crawl failed: Lever API responded with status 404 for Medium
  - Skillshare crawl failed: Lever API responded with status 404 for Skillshare
  - Tiket crawl failed: Lever API responded with status 404 for Tiket
  - JSearch query "software engineer" failed: JSearch API responded with status 429 for query "software engineer"
  - JSearch query "backend engineer" failed: JSearch API responded with status 429 for query "backend engineer"
  - JSearch query "fullstack developer" failed: JSearch API responded with status 429 for query "fullstack developer"

=== Job Crawler Complete ===

## 2026-09-14T17:18:52Z
=== Job Crawler Starting ===
Time: 2026-09-14T17:17:39.424Z
Existing jobs in sheet: 14010
[Remotive] Found 0 jobs
[Company-Direct] Found 0 jobs from GitLab
[Company-Direct] Found 9 jobs from Cloudflare
[RemoteOK] Found 0 jobs
[Company-Direct] Found 0 jobs from Figma
[JSearch] Error for query "software engineer": JSearch API responded with status 429 for query "software engineer"
[JSearch] Error for query "backend engineer": JSearch API responded with status 429 for query "backend engineer"
[WeWorkRemotely] Found 0 jobs
[JapanDev] Found 0 jobs
[Company-Direct] Found 6 jobs from Stripe
[JSearch] Error for query "fullstack developer": JSearch API responded with status 429 for query "fullstack developer"
[JSearch] Total: 0 jobs from 3 queries
[Company-Direct] Found 0 jobs from Vercel
[Company-Direct] Found 0 jobs from Speechify
[Company-Direct] Found 1 jobs from CircleCI
[Company-Direct] Found 0 jobs from Consensys
[Company-Direct] Found 0 jobs from Modern Health
[Company-Direct] Error crawling ReCharge: Greenhouse API responded with status 404 for ReCharge
[Company-Direct] Found 7 jobs from Xendit
[Company-Direct] Found 9 jobs from Agoda
[Company-Direct] Found 16 jobs from Twilio
[BankNeo] Found 0 jobs (0 total)
[Company-Direct] Found 0 jobs from Remote
[Company-Direct] Found 0 jobs from Imply
[Company-Direct] Error crawling Netflix: Lever API responded with status 404 for Netflix
[Kalibrr] Query "software engineer": found 50 jobs (total: 1118)
[Kalibrr] Query "backend engineer": found 50 jobs (total: 1118)
[Kalibrr] Query "fullstack developer": found 50 jobs (total: 1118)
[Kalibrr] Total: 12 jobs from 3 queries
[TechInAsia] Found 14 jobs (total available: 287)
[Company-Direct] Found 375 jobs from Jobgether
[Company-Direct] Found 0 jobs from Kraken
[Company-Direct] Error crawling Medium: Lever API responded with status 404 for Medium
[Company-Direct] Error crawling Skillshare: Lever API responded with status 404 for Skillshare
[Company-Direct] Error crawling Tiket: Lever API responded with status 404 for Tiket
[Company-Direct] Found 4 jobs from Xsolla
[Company-Direct] Found 0 jobs from Notion
[Company-Direct] Found 0 jobs from Ramp
[Company-Direct] Found 0 jobs from Linear
[Company-Direct] Found 0 jobs from Deel
[Company-Direct] Found 0 jobs from Pave
[Company-Direct] Found 0 jobs from Bespoke Labs
[Company-Direct] Found 0 jobs from Snowflake
[Company-Direct] Found 0 jobs from Perplexity AI
[Company-Direct] Found 0 jobs from Lavendo
[Company-Direct] Found 0 jobs from Employment Hero
[Company-Direct] Found 18 jobs from Ajaib
[Company-Direct] Found 20 jobs from Stockbit
[Company-Direct] Found 0 jobs from Traveloka
[Company-Direct] Found 0 jobs from Dana
[Company-Direct] Found 0 jobs from Halodoc
[Company-Direct] Found 0 jobs from Kredivo
[Company-Direct] Found 0 jobs from Mitrais
[Company-Direct] Found 0 jobs from TabSquare
[Company-Direct] Found 9 jobs from Grab
[Company-Direct] Found 5 jobs from Wise
[Company-Direct] Found 0 jobs from Kata.ai
[Company-Direct] Found 3 jobs from Carousell
[Company-Direct] Found 5 jobs from Bookipi
[Company-Direct] Found 1 jobs from Shippit
[Blibli] Found 89 jobs (89 engineering out of 190 total)
RemoteOK: 0 jobs, 0 errors
Remotive: 0 jobs, 0 errors
Greenhouse: 488 jobs, 5 errors
JapanDev: 0 jobs, 0 errors
WeWorkRemotely: 0 jobs, 0 errors
TechInAsia: 14 jobs, 0 errors
Kalibrr: 12 jobs, 0 errors
Blibli: 89 jobs, 0 errors
BankNeo: 0 jobs, 0 errors
JSearch: 0 jobs, 3 errors

Total raw jobs collected: 603
After filtering: 61 jobs
After deduplication: 12 new jobs
Appended 12 jobs to Google Sheets

Errors (8):
  - ReCharge crawl failed: Greenhouse API responded with status 404 for ReCharge
  - Netflix crawl failed: Lever API responded with status 404 for Netflix
  - Medium crawl failed: Lever API responded with status 404 for Medium
  - Skillshare crawl failed: Lever API responded with status 404 for Skillshare
  - Tiket crawl failed: Lever API responded with status 404 for Tiket
  - JSearch query "software engineer" failed: JSearch API responded with status 429 for query "software engineer"
  - JSearch query "backend engineer" failed: JSearch API responded with status 429 for query "backend engineer"
  - JSearch query "fullstack developer" failed: JSearch API responded with status 429 for query "fullstack developer"

=== Job Crawler Complete ===
