
## 2026-08-31T02:33:43Z
=== Job Crawler Starting ===
Time: 2026-08-31T02:32:35.789Z
Existing jobs in sheet: 13220
[Remotive] Found 0 jobs
[Company-Direct] Found 0 jobs from GitLab
[WeWorkRemotely] Found 0 jobs
[Company-Direct] Found 0 jobs from Cloudflare
[JapanDev] Found 0 jobs
[Company-Direct] Found 0 jobs from Figma
[Company-Direct] Found 0 jobs from Stripe
[RemoteOK] Found 0 jobs
[Company-Direct] Found 0 jobs from Vercel
[Company-Direct] Found 0 jobs from Speechify
[BankNeo] Found 0 jobs (0 total)
[JSearch] Query "software engineer": found 0 jobs
[Company-Direct] Found 0 jobs from CircleCI
[Company-Direct] Found 0 jobs from Consensys
[Company-Direct] Found 0 jobs from Modern Health
[Company-Direct] Error crawling ReCharge: Greenhouse API responded with status 404 for ReCharge
[Company-Direct] Found 5 jobs from Xendit
[Company-Direct] Found 2 jobs from Agoda
[Company-Direct] Found 0 jobs from Twilio
[JSearch] Query "backend engineer": found 0 jobs
[Kalibrr] Query "software engineer": found 50 jobs (total: 973)
[Kalibrr] Query "backend engineer": found 50 jobs (total: 973)
[Kalibrr] Query "fullstack developer": found 50 jobs (total: 973)
[Kalibrr] Total: 0 jobs from 3 queries
[JSearch] Query "fullstack developer": found 1 jobs
[JSearch] Total: 1 jobs from 3 queries
[TechInAsia] Found 12 jobs (total available: 300)
[Company-Direct] Found 0 jobs from Remote
[Company-Direct] Found 0 jobs from Imply
[Company-Direct] Error crawling Netflix: Lever API responded with status 404 for Netflix
[Company-Direct] Found 94 jobs from Jobgether
[Company-Direct] Found 0 jobs from Kraken
[Company-Direct] Error crawling Medium: Lever API responded with status 404 for Medium
[Company-Direct] Error crawling Skillshare: Lever API responded with status 404 for Skillshare
[Company-Direct] Error crawling Tiket: Lever API responded with status 404 for Tiket
[Company-Direct] Found 0 jobs from Xsolla
[Company-Direct] Found 0 jobs from Notion
[Company-Direct] Found 0 jobs from Ramp
[Company-Direct] Found 0 jobs from Linear
[Company-Direct] Found 0 jobs from Deel
[Company-Direct] Found 0 jobs from Pave
[Company-Direct] Found 0 jobs from Bespoke Labs
[Company-Direct] Found 0 jobs from Snowflake
[Company-Direct] Found 0 jobs from Perplexity AI
[Company-Direct] Found 0 jobs from Lavendo
[Company-Direct] Found 0 jobs from Employment Hero
[Company-Direct] Found 19 jobs from Ajaib
[Company-Direct] Found 22 jobs from Stockbit
[Company-Direct] Found 0 jobs from Traveloka
[Company-Direct] Found 0 jobs from Dana
[Company-Direct] Found 0 jobs from Halodoc
[Company-Direct] Found 0 jobs from Kredivo
[Company-Direct] Found 0 jobs from Mitrais
[Company-Direct] Found 0 jobs from TabSquare
[Company-Direct] Found 0 jobs from Grab
[Company-Direct] Found 0 jobs from Wise
[Company-Direct] Found 0 jobs from Kata.ai
[Company-Direct] Found 0 jobs from Carousell
[Company-Direct] Found 4 jobs from Bookipi
[Company-Direct] Found 1 jobs from Shippit
[Blibli] Found 94 jobs (94 engineering out of 193 total)
RemoteOK: 0 jobs, 0 errors
Remotive: 0 jobs, 0 errors
Greenhouse: 147 jobs, 5 errors
JapanDev: 0 jobs, 0 errors
WeWorkRemotely: 0 jobs, 0 errors
TechInAsia: 12 jobs, 0 errors
Kalibrr: 0 jobs, 0 errors
Blibli: 94 jobs, 0 errors
BankNeo: 0 jobs, 0 errors
JSearch: 1 jobs, 0 errors

Total raw jobs collected: 254
After filtering: 34 jobs
After deduplication: 21 new jobs
Appended 21 jobs to Google Sheets

Errors (5):
  - ReCharge crawl failed: Greenhouse API responded with status 404 for ReCharge
  - Netflix crawl failed: Lever API responded with status 404 for Netflix
  - Medium crawl failed: Lever API responded with status 404 for Medium
  - Skillshare crawl failed: Lever API responded with status 404 for Skillshare
  - Tiket crawl failed: Lever API responded with status 404 for Tiket

=== Job Crawler Complete ===

## 2026-08-31T12:15:33Z
=== Job Crawler Starting ===
Time: 2026-08-31T12:14:22.954Z
Existing jobs in sheet: 13241
[Remotive] Found 0 jobs
[Company-Direct] Found 1 jobs from GitLab
[WeWorkRemotely] Found 0 jobs
[Company-Direct] Found 6 jobs from Cloudflare
[JapanDev] Found 0 jobs
[RemoteOK] Found 0 jobs
[Company-Direct] Found 0 jobs from Figma
[Company-Direct] Found 0 jobs from Stripe
[Company-Direct] Found 0 jobs from Vercel
[JSearch] Query "software engineer": found 0 jobs
[BankNeo] Found 0 jobs (0 total)
[Company-Direct] Found 0 jobs from Speechify
[Company-Direct] Found 0 jobs from CircleCI
[Company-Direct] Found 0 jobs from Consensys
[Company-Direct] Found 0 jobs from Modern Health
[Company-Direct] Error crawling ReCharge: Greenhouse API responded with status 404 for ReCharge
[Company-Direct] Found 5 jobs from Xendit
[Company-Direct] Found 4 jobs from Agoda
[Kalibrr] Query "software engineer": found 50 jobs (total: 1008)
[JSearch] Query "backend engineer": found 0 jobs
[Company-Direct] Found 0 jobs from Twilio
[Company-Direct] Found 0 jobs from Remote
[Company-Direct] Found 0 jobs from Imply
[Company-Direct] Error crawling Netflix: Lever API responded with status 404 for Netflix
[Kalibrr] Query "backend engineer": found 50 jobs (total: 1008)
[Kalibrr] Query "fullstack developer": found 50 jobs (total: 1008)
[Kalibrr] Total: 3 jobs from 3 queries
[JSearch] Query "fullstack developer": found 1 jobs
[JSearch] Total: 1 jobs from 3 queries
[TechInAsia] Found 15 jobs (total available: 295)
[Company-Direct] Found 189 jobs from Jobgether
[Company-Direct] Found 0 jobs from Kraken
[Company-Direct] Error crawling Medium: Lever API responded with status 404 for Medium
[Company-Direct] Error crawling Skillshare: Lever API responded with status 404 for Skillshare
[Company-Direct] Error crawling Tiket: Lever API responded with status 404 for Tiket
[Company-Direct] Found 0 jobs from Xsolla
[Company-Direct] Found 0 jobs from Notion
[Company-Direct] Found 0 jobs from Ramp
[Company-Direct] Found 0 jobs from Linear
[Company-Direct] Found 0 jobs from Deel
[Company-Direct] Found 0 jobs from Pave
[Company-Direct] Found 0 jobs from Bespoke Labs
[Company-Direct] Found 0 jobs from Snowflake
[Company-Direct] Found 0 jobs from Perplexity AI
[Company-Direct] Found 0 jobs from Lavendo
[Company-Direct] Found 0 jobs from Employment Hero
[Company-Direct] Found 19 jobs from Ajaib
[Company-Direct] Found 22 jobs from Stockbit
[Company-Direct] Found 0 jobs from Traveloka
[Company-Direct] Found 0 jobs from Dana
[Company-Direct] Found 0 jobs from Halodoc
[Company-Direct] Found 0 jobs from Kredivo
[Company-Direct] Found 0 jobs from Mitrais
[Company-Direct] Found 0 jobs from TabSquare
[Company-Direct] Found 1 jobs from Grab
[Company-Direct] Found 0 jobs from Wise
[Company-Direct] Found 0 jobs from Kata.ai
[Company-Direct] Found 3 jobs from Carousell
[Company-Direct] Found 4 jobs from Bookipi
[Company-Direct] Found 1 jobs from Shippit
[Blibli] Found 94 jobs (94 engineering out of 192 total)
RemoteOK: 0 jobs, 0 errors
Remotive: 0 jobs, 0 errors
Greenhouse: 255 jobs, 5 errors
JapanDev: 0 jobs, 0 errors
WeWorkRemotely: 0 jobs, 0 errors
TechInAsia: 15 jobs, 0 errors
Kalibrr: 3 jobs, 0 errors
Blibli: 94 jobs, 0 errors
BankNeo: 0 jobs, 0 errors
JSearch: 1 jobs, 0 errors

Total raw jobs collected: 368
After filtering: 67 jobs
After deduplication: 32 new jobs
Appended 32 jobs to Google Sheets

Errors (5):
  - ReCharge crawl failed: Greenhouse API responded with status 404 for ReCharge
  - Netflix crawl failed: Lever API responded with status 404 for Netflix
  - Medium crawl failed: Lever API responded with status 404 for Medium
  - Skillshare crawl failed: Lever API responded with status 404 for Skillshare
  - Tiket crawl failed: Lever API responded with status 404 for Tiket

=== Job Crawler Complete ===
