
## 2026-09-28T02:45:43Z
=== Job Crawler Starting ===
Time: 2026-09-28T02:44:39.803Z
Existing jobs in sheet: 14793
[Company-Direct] Found 0 jobs from GitLab
[Remotive] Found 0 jobs
[WeWorkRemotely] Found 0 jobs
[Company-Direct] Found 1 jobs from Cloudflare
[Company-Direct] Found 0 jobs from Figma
[RemoteOK] Found 0 jobs
[JapanDev] Found 0 jobs
[Company-Direct] Found 0 jobs from Stripe
[Company-Direct] Found 0 jobs from Vercel
[Company-Direct] Found 0 jobs from Speechify
[Company-Direct] Found 0 jobs from CircleCI
[Company-Direct] Found 0 jobs from Consensys
[Company-Direct] Found 0 jobs from Modern Health
[Company-Direct] Error crawling ReCharge: Greenhouse API responded with status 404 for ReCharge
[Company-Direct] Found 7 jobs from Xendit
[Company-Direct] Found 1 jobs from Agoda
[Company-Direct] Found 0 jobs from Twilio
[Kalibrr] Query "software engineer": found 50 jobs (total: 1128)
[Company-Direct] Found 0 jobs from Remote
[Company-Direct] Found 0 jobs from Imply
[BankNeo] Found 0 jobs (0 total)
[Company-Direct] Error crawling Netflix: Lever API responded with status 404 for Netflix
[Kalibrr] Query "backend engineer": found 50 jobs (total: 1128)
[Kalibrr] Query "fullstack developer": found 50 jobs (total: 1128)
[Kalibrr] Total: 0 jobs from 3 queries
[JSearch] Query "software engineer": found 9 jobs
[Company-Direct] Found 68 jobs from Jobgether
[Company-Direct] Found 0 jobs from Kraken
[Company-Direct] Error crawling Medium: Lever API responded with status 404 for Medium
[Company-Direct] Error crawling Skillshare: Lever API responded with status 404 for Skillshare
[Company-Direct] Error crawling Tiket: Lever API responded with status 404 for Tiket
[Company-Direct] Found 0 jobs from Xsolla
[Company-Direct] Found 0 jobs from Notion
[Company-Direct] Found 0 jobs from Ramp
[Company-Direct] Found 0 jobs from Linear
[Company-Direct] Found 0 jobs from Deel
[Company-Direct] Found 0 jobs from Pave
[Company-Direct] Found 0 jobs from Bespoke Labs
[Company-Direct] Found 0 jobs from Snowflake
[Company-Direct] Found 0 jobs from Perplexity AI
[Company-Direct] Found 0 jobs from Lavendo
[JSearch] Query "backend engineer": found 10 jobs
[Company-Direct] Found 0 jobs from Employment Hero
[Company-Direct] Found 17 jobs from Ajaib
[TechInAsia] Found 1 jobs (total available: 286)
[JSearch] Query "fullstack developer": found 4 jobs
[JSearch] Total: 23 jobs from 3 queries
[Company-Direct] Found 19 jobs from Stockbit
[Company-Direct] Found 0 jobs from Traveloka
[Company-Direct] Found 0 jobs from Dana
[Company-Direct] Found 0 jobs from Halodoc
[Company-Direct] Found 0 jobs from Kredivo
[Company-Direct] Found 0 jobs from Mitrais
[Company-Direct] Found 0 jobs from TabSquare
[Company-Direct] Found 1 jobs from Grab
[Company-Direct] Found 0 jobs from Wise
[Company-Direct] Found 0 jobs from Kata.ai
[Company-Direct] Found 0 jobs from Carousell
[Company-Direct] Found 5 jobs from Bookipi
[Company-Direct] Found 1 jobs from Shippit
[Blibli] Found 75 jobs (75 engineering out of 175 total)
RemoteOK: 0 jobs, 0 errors
Remotive: 0 jobs, 0 errors
Greenhouse: 120 jobs, 5 errors
JapanDev: 0 jobs, 0 errors
WeWorkRemotely: 0 jobs, 0 errors
TechInAsia: 1 jobs, 0 errors
Kalibrr: 0 jobs, 0 errors
Blibli: 75 jobs, 0 errors
BankNeo: 0 jobs, 0 errors
JSearch: 23 jobs, 0 errors

Total raw jobs collected: 219
After filtering: 35 jobs
After deduplication: 20 new jobs
Appended 20 jobs to Google Sheets

Errors (5):
  - ReCharge crawl failed: Greenhouse API responded with status 404 for ReCharge
  - Netflix crawl failed: Lever API responded with status 404 for Netflix
  - Medium crawl failed: Lever API responded with status 404 for Medium
  - Skillshare crawl failed: Lever API responded with status 404 for Skillshare
  - Tiket crawl failed: Lever API responded with status 404 for Tiket

=== Job Crawler Complete ===
