
## 2026-09-21T02:32:22Z
=== Job Crawler Starting ===
Time: 2026-09-21T02:31:10.010Z
Existing jobs in sheet: 14310
[Remotive] Found 0 jobs
[Company-Direct] Found 0 jobs from GitLab
[WeWorkRemotely] Found 0 jobs
[Company-Direct] Found 0 jobs from Cloudflare
[Company-Direct] Found 0 jobs from Figma
[JSearch] Error for query "software engineer": JSearch API responded with status 429 for query "software engineer"
[RemoteOK] Found 0 jobs
[JSearch] Error for query "backend engineer": JSearch API responded with status 429 for query "backend engineer"
[JapanDev] Found 0 jobs
[Company-Direct] Found 0 jobs from Stripe
[JSearch] Error for query "fullstack developer": JSearch API responded with status 429 for query "fullstack developer"
[JSearch] Total: 0 jobs from 3 queries
[Company-Direct] Found 3 jobs from Vercel
[Company-Direct] Found 0 jobs from Speechify
[Company-Direct] Found 0 jobs from CircleCI
[Company-Direct] Found 0 jobs from Consensys
[Company-Direct] Found 0 jobs from Modern Health
[Company-Direct] Error crawling ReCharge: Greenhouse API responded with status 404 for ReCharge
[Company-Direct] Found 6 jobs from Xendit
[Company-Direct] Found 4 jobs from Agoda
[Kalibrr] Query "software engineer": found 50 jobs (total: 1118)
[Company-Direct] Found 0 jobs from Twilio
[Company-Direct] Found 0 jobs from Remote
[Company-Direct] Found 0 jobs from Imply
[BankNeo] Found 0 jobs (0 total)
[Kalibrr] Query "backend engineer": found 50 jobs (total: 1118)
[Kalibrr] Query "fullstack developer": found 50 jobs (total: 1118)
[Kalibrr] Total: 0 jobs from 3 queries
[Company-Direct] Error crawling Netflix: Lever API responded with status 404 for Netflix
[TechInAsia] Found 1 jobs (total available: 295)
[Company-Direct] Found 42 jobs from Jobgether
[Company-Direct] Found 0 jobs from Kraken
[Company-Direct] Error crawling Medium: Lever API responded with status 404 for Medium
[Company-Direct] Error crawling Skillshare: Lever API responded with status 404 for Skillshare
[Company-Direct] Error crawling Tiket: Lever API responded with status 404 for Tiket
[Company-Direct] Found 0 jobs from Xsolla
[Company-Direct] Found 0 jobs from Notion
[Company-Direct] Found 0 jobs from Ramp
[Company-Direct] Found 0 jobs from Linear
[Company-Direct] Found 0 jobs from Deel
[Company-Direct] Found 0 jobs from Pave
[Company-Direct] Found 0 jobs from Bespoke Labs
[Company-Direct] Found 0 jobs from Snowflake
[Company-Direct] Found 0 jobs from Perplexity AI
[Company-Direct] Found 0 jobs from Lavendo
[Company-Direct] Found 0 jobs from Employment Hero
[Company-Direct] Found 17 jobs from Ajaib
[Company-Direct] Found 19 jobs from Stockbit
[Company-Direct] Found 0 jobs from Traveloka
[Company-Direct] Found 0 jobs from Dana
[Company-Direct] Found 0 jobs from Halodoc
[Company-Direct] Found 0 jobs from Kredivo
[Company-Direct] Found 0 jobs from Mitrais
[Company-Direct] Found 0 jobs from TabSquare
[Company-Direct] Found 4 jobs from Grab
[Company-Direct] Found 0 jobs from Wise
[Company-Direct] Found 0 jobs from Kata.ai
[Company-Direct] Found 0 jobs from Carousell
[Company-Direct] Found 5 jobs from Bookipi
[Company-Direct] Found 1 jobs from Shippit
[Blibli] Found 92 jobs (92 engineering out of 192 total)
RemoteOK: 0 jobs, 0 errors
Remotive: 0 jobs, 0 errors
Greenhouse: 101 jobs, 5 errors
JapanDev: 0 jobs, 0 errors
WeWorkRemotely: 0 jobs, 0 errors
TechInAsia: 1 jobs, 0 errors
Kalibrr: 0 jobs, 0 errors
Blibli: 92 jobs, 0 errors
BankNeo: 0 jobs, 0 errors
JSearch: 0 jobs, 3 errors

Total raw jobs collected: 194
After filtering: 22 jobs
After deduplication: 7 new jobs
Appended 7 jobs to Google Sheets

Errors (8):
  - ReCharge crawl failed: Greenhouse API responded with status 404 for ReCharge
  - Netflix crawl failed: Lever API responded with status 404 for Netflix
  - Medium crawl failed: Lever API responded with status 404 for Medium
  - Skillshare crawl failed: Lever API responded with status 404 for Skillshare
  - Tiket crawl failed: Lever API responded with status 404 for Tiket
  - JSearch query "software engineer" failed: JSearch API responded with status 429 for query "software engineer"
  - JSearch query "backend engineer" failed: JSearch API responded with status 429 for query "backend engineer"
  - JSearch query "fullstack developer" failed: JSearch API responded with status 429 for query "fullstack developer"

=== Job Crawler Complete ===

## 2026-09-21T11:32:59Z
=== Job Crawler Starting ===
Time: 2026-09-21T11:31:55.605Z
Existing jobs in sheet: 14317
[Remotive] Found 0 jobs
[Company-Direct] Found 0 jobs from GitLab
[WeWorkRemotely] Found 0 jobs
[Company-Direct] Found 0 jobs from Cloudflare
[RemoteOK] Found 0 jobs
[JapanDev] Found 0 jobs
[Company-Direct] Found 0 jobs from Figma
[Company-Direct] Found 6 jobs from Stripe
[JSearch] Error for query "software engineer": JSearch API responded with status 429 for query "software engineer"
[JSearch] Error for query "backend engineer": JSearch API responded with status 429 for query "backend engineer"
[Company-Direct] Found 3 jobs from Vercel
[JSearch] Error for query "fullstack developer": JSearch API responded with status 429 for query "fullstack developer"
[JSearch] Total: 0 jobs from 3 queries
[Company-Direct] Found 0 jobs from Speechify
[BankNeo] Found 0 jobs (0 total)
[Company-Direct] Found 0 jobs from CircleCI
[Company-Direct] Found 0 jobs from Consensys
[Company-Direct] Found 0 jobs from Modern Health
[Company-Direct] Error crawling ReCharge: Greenhouse API responded with status 404 for ReCharge
[Company-Direct] Found 6 jobs from Xendit
[Kalibrr] Query "software engineer": found 50 jobs (total: 1135)
[Kalibrr] Query "backend engineer": found 50 jobs (total: 1135)
[Kalibrr] Query "fullstack developer": found 50 jobs (total: 1135)
[Kalibrr] Total: 6 jobs from 3 queries
[Company-Direct] Found 90 jobs from Agoda
[Company-Direct] Found 4 jobs from Twilio
[Company-Direct] Found 0 jobs from Remote
[Company-Direct] Found 0 jobs from Imply
[Company-Direct] Error crawling Netflix: Lever API responded with status 404 for Netflix
[Company-Direct] Found 387 jobs from Jobgether
[Company-Direct] Found 0 jobs from Kraken
[Company-Direct] Error crawling Medium: Lever API responded with status 404 for Medium
[Company-Direct] Error crawling Skillshare: Lever API responded with status 404 for Skillshare
[Company-Direct] Error crawling Tiket: Lever API responded with status 404 for Tiket
[Company-Direct] Found 0 jobs from Xsolla
[TechInAsia] Found 9 jobs (total available: 298)
[Company-Direct] Found 0 jobs from Notion
[Company-Direct] Found 0 jobs from Ramp
[Company-Direct] Found 0 jobs from Linear
[Company-Direct] Found 0 jobs from Deel
[Company-Direct] Found 0 jobs from Pave
[Company-Direct] Found 0 jobs from Bespoke Labs
[Company-Direct] Found 0 jobs from Snowflake
[Company-Direct] Found 0 jobs from Perplexity AI
[Company-Direct] Found 0 jobs from Lavendo
[Company-Direct] Found 0 jobs from Employment Hero
[Company-Direct] Found 17 jobs from Ajaib
[Company-Direct] Found 19 jobs from Stockbit
[Company-Direct] Found 0 jobs from Traveloka
[Company-Direct] Found 0 jobs from Dana
[Company-Direct] Found 0 jobs from Halodoc
[Company-Direct] Found 0 jobs from Kredivo
[Company-Direct] Found 0 jobs from Mitrais
[Company-Direct] Found 0 jobs from TabSquare
[Company-Direct] Found 8 jobs from Grab
[Company-Direct] Found 5 jobs from Wise
[Company-Direct] Found 0 jobs from Kata.ai
[Company-Direct] Found 0 jobs from Carousell
[Company-Direct] Found 5 jobs from Bookipi
[Company-Direct] Found 1 jobs from Shippit
[Blibli] Found 91 jobs (91 engineering out of 192 total)
RemoteOK: 0 jobs, 0 errors
Remotive: 0 jobs, 0 errors
Greenhouse: 551 jobs, 5 errors
JapanDev: 0 jobs, 0 errors
WeWorkRemotely: 0 jobs, 0 errors
TechInAsia: 9 jobs, 0 errors
Kalibrr: 6 jobs, 0 errors
Blibli: 91 jobs, 0 errors
BankNeo: 0 jobs, 0 errors
JSearch: 0 jobs, 3 errors

Total raw jobs collected: 657
After filtering: 73 jobs
After deduplication: 23 new jobs
Appended 23 jobs to Google Sheets

Errors (8):
  - ReCharge crawl failed: Greenhouse API responded with status 404 for ReCharge
  - Netflix crawl failed: Lever API responded with status 404 for Netflix
  - Medium crawl failed: Lever API responded with status 404 for Medium
  - Skillshare crawl failed: Lever API responded with status 404 for Skillshare
  - Tiket crawl failed: Lever API responded with status 404 for Tiket
  - JSearch query "software engineer" failed: JSearch API responded with status 429 for query "software engineer"
  - JSearch query "backend engineer" failed: JSearch API responded with status 429 for query "backend engineer"
  - JSearch query "fullstack developer" failed: JSearch API responded with status 429 for query "fullstack developer"

=== Job Crawler Complete ===

## 2026-09-21T17:31:14Z
=== Job Crawler Starting ===
Time: 2026-09-21T17:29:59.306Z
Existing jobs in sheet: 14340
[Remotive] Found 0 jobs
[Company-Direct] Found 0 jobs from GitLab
[Company-Direct] Found 5 jobs from Cloudflare
[RemoteOK] Found 0 jobs
[Company-Direct] Found 0 jobs from Figma
[JapanDev] Found 0 jobs
[Company-Direct] Found 8 jobs from Stripe
[WeWorkRemotely] Found 0 jobs
[Company-Direct] Found 3 jobs from Vercel
[JSearch] Error for query "software engineer": JSearch API responded with status 429 for query "software engineer"
[JSearch] Error for query "backend engineer": JSearch API responded with status 429 for query "backend engineer"
[Company-Direct] Found 1 jobs from Speechify
[JSearch] Error for query "fullstack developer": JSearch API responded with status 429 for query "fullstack developer"
[JSearch] Total: 0 jobs from 3 queries
[BankNeo] Found 0 jobs (0 total)
[Kalibrr] Query "software engineer": found 50 jobs (total: 1122)
[Kalibrr] Query "backend engineer": found 50 jobs (total: 1122)
[Kalibrr] Query "fullstack developer": found 50 jobs (total: 1122)
[Kalibrr] Total: 6 jobs from 3 queries
[Company-Direct] Found 0 jobs from CircleCI
[Company-Direct] Found 0 jobs from Consensys
[Company-Direct] Found 0 jobs from Modern Health
[Company-Direct] Error crawling ReCharge: Greenhouse API responded with status 404 for ReCharge
[Company-Direct] Found 6 jobs from Xendit
[Company-Direct] Found 89 jobs from Agoda
[Company-Direct] Found 17 jobs from Twilio
[Company-Direct] Found 1 jobs from Remote
[Company-Direct] Found 0 jobs from Imply
[Company-Direct] Error crawling Netflix: Lever API responded with status 404 for Netflix
[TechInAsia] Found 9 jobs (total available: 298)
[Company-Direct] Found 503 jobs from Jobgether
[Company-Direct] Found 0 jobs from Kraken
[Company-Direct] Error crawling Medium: Lever API responded with status 404 for Medium
[Company-Direct] Error crawling Skillshare: Lever API responded with status 404 for Skillshare
[Company-Direct] Error crawling Tiket: Lever API responded with status 404 for Tiket
[Company-Direct] Found 0 jobs from Xsolla
[Company-Direct] Found 0 jobs from Notion
[Company-Direct] Found 0 jobs from Ramp
[Company-Direct] Found 0 jobs from Linear
[Company-Direct] Found 0 jobs from Deel
[Company-Direct] Found 0 jobs from Pave
[Company-Direct] Found 0 jobs from Bespoke Labs
[Company-Direct] Found 0 jobs from Snowflake
[Company-Direct] Found 0 jobs from Perplexity AI
[Company-Direct] Found 0 jobs from Lavendo
[Company-Direct] Found 0 jobs from Employment Hero
[Company-Direct] Found 17 jobs from Ajaib
[Company-Direct] Found 19 jobs from Stockbit
[Company-Direct] Found 0 jobs from Traveloka
[Company-Direct] Found 0 jobs from Dana
[Company-Direct] Found 0 jobs from Halodoc
[Company-Direct] Found 0 jobs from Kredivo
[Company-Direct] Found 0 jobs from Mitrais
[Company-Direct] Found 0 jobs from TabSquare
[Company-Direct] Found 8 jobs from Grab
[Company-Direct] Found 5 jobs from Wise
[Company-Direct] Found 0 jobs from Kata.ai
[Company-Direct] Found 0 jobs from Carousell
[Company-Direct] Found 5 jobs from Bookipi
[Company-Direct] Found 1 jobs from Shippit
[Blibli] Found 91 jobs (91 engineering out of 192 total)
RemoteOK: 0 jobs, 0 errors
Remotive: 0 jobs, 0 errors
Greenhouse: 688 jobs, 5 errors
JapanDev: 0 jobs, 0 errors
WeWorkRemotely: 0 jobs, 0 errors
TechInAsia: 9 jobs, 0 errors
Kalibrr: 6 jobs, 0 errors
Blibli: 91 jobs, 0 errors
BankNeo: 0 jobs, 0 errors
JSearch: 0 jobs, 3 errors

Total raw jobs collected: 794
After filtering: 86 jobs
After deduplication: 9 new jobs
Appended 9 jobs to Google Sheets

Errors (8):
  - ReCharge crawl failed: Greenhouse API responded with status 404 for ReCharge
  - Netflix crawl failed: Lever API responded with status 404 for Netflix
  - Medium crawl failed: Lever API responded with status 404 for Medium
  - Skillshare crawl failed: Lever API responded with status 404 for Skillshare
  - Tiket crawl failed: Lever API responded with status 404 for Tiket
  - JSearch query "software engineer" failed: JSearch API responded with status 429 for query "software engineer"
  - JSearch query "backend engineer" failed: JSearch API responded with status 429 for query "backend engineer"
  - JSearch query "fullstack developer" failed: JSearch API responded with status 429 for query "fullstack developer"

=== Job Crawler Complete ===

## 2026-09-21T21:28:49Z
=== Job Crawler Starting ===
Time: 2026-09-21T21:27:32.772Z
Existing jobs in sheet: 14349
[Remotive] Found 0 jobs
[WeWorkRemotely] Found 0 jobs
[Company-Direct] Found 0 jobs from GitLab
[Company-Direct] Found 8 jobs from Cloudflare
[JapanDev] Found 0 jobs
[RemoteOK] Found 0 jobs
[Company-Direct] Found 1 jobs from Figma
[Company-Direct] Found 8 jobs from Stripe
[Company-Direct] Found 1 jobs from Vercel
[Company-Direct] Found 1 jobs from Speechify
[Company-Direct] Found 0 jobs from CircleCI
[Company-Direct] Found 0 jobs from Consensys
[JSearch] Error for query "software engineer": JSearch API responded with status 429 for query "software engineer"
[Company-Direct] Found 0 jobs from Modern Health
[JSearch] Error for query "backend engineer": JSearch API responded with status 429 for query "backend engineer"
[Company-Direct] Error crawling ReCharge: Greenhouse API responded with status 404 for ReCharge
[JSearch] Error for query "fullstack developer": JSearch API responded with status 429 for query "fullstack developer"
[JSearch] Total: 0 jobs from 3 queries
[Company-Direct] Found 6 jobs from Xendit
[BankNeo] Found 0 jobs (0 total)
[Company-Direct] Found 89 jobs from Agoda
[Kalibrr] Query "software engineer": found 50 jobs (total: 1122)
[Company-Direct] Found 18 jobs from Twilio
[Company-Direct] Found 1 jobs from Remote
[Company-Direct] Found 0 jobs from Imply
[Kalibrr] Query "backend engineer": found 50 jobs (total: 1122)
[Company-Direct] Error crawling Netflix: Lever API responded with status 404 for Netflix
[Kalibrr] Query "fullstack developer": found 50 jobs (total: 1122)
[Kalibrr] Total: 6 jobs from 3 queries
[TechInAsia] Found 9 jobs (total available: 298)
[Company-Direct] Found 503 jobs from Jobgether
[Company-Direct] Found 0 jobs from Kraken
[Company-Direct] Error crawling Medium: Lever API responded with status 404 for Medium
[Company-Direct] Error crawling Skillshare: Lever API responded with status 404 for Skillshare
[Company-Direct] Error crawling Tiket: Lever API responded with status 404 for Tiket
[Company-Direct] Found 0 jobs from Xsolla
[Company-Direct] Found 0 jobs from Notion
[Company-Direct] Found 0 jobs from Ramp
[Company-Direct] Found 0 jobs from Linear
[Company-Direct] Found 0 jobs from Deel
[Company-Direct] Found 0 jobs from Pave
[Company-Direct] Found 0 jobs from Bespoke Labs
[Company-Direct] Found 0 jobs from Snowflake
[Company-Direct] Found 0 jobs from Perplexity AI
[Company-Direct] Found 0 jobs from Lavendo
[Company-Direct] Found 0 jobs from Employment Hero
[Company-Direct] Found 17 jobs from Ajaib
[Company-Direct] Found 19 jobs from Stockbit
[Company-Direct] Found 0 jobs from Traveloka
[Company-Direct] Found 0 jobs from Dana
[Company-Direct] Found 0 jobs from Halodoc
[Company-Direct] Found 0 jobs from Kredivo
[Company-Direct] Found 0 jobs from Mitrais
[Company-Direct] Found 0 jobs from TabSquare
[Company-Direct] Found 8 jobs from Grab
[Company-Direct] Found 5 jobs from Wise
[Company-Direct] Found 0 jobs from Kata.ai
[Company-Direct] Found 0 jobs from Carousell
[Company-Direct] Found 5 jobs from Bookipi
[Company-Direct] Found 1 jobs from Shippit
[Blibli] Found 91 jobs (91 engineering out of 192 total)
RemoteOK: 0 jobs, 0 errors
Remotive: 0 jobs, 0 errors
Greenhouse: 691 jobs, 5 errors
JapanDev: 0 jobs, 0 errors
WeWorkRemotely: 0 jobs, 0 errors
TechInAsia: 9 jobs, 0 errors
Kalibrr: 6 jobs, 0 errors
Blibli: 91 jobs, 0 errors
BankNeo: 0 jobs, 0 errors
JSearch: 0 jobs, 3 errors

Total raw jobs collected: 797
After filtering: 85 jobs
After deduplication: 0 new jobs
No new jobs to add

Errors (8):
  - ReCharge crawl failed: Greenhouse API responded with status 404 for ReCharge
  - Netflix crawl failed: Lever API responded with status 404 for Netflix
  - Medium crawl failed: Lever API responded with status 404 for Medium
  - Skillshare crawl failed: Lever API responded with status 404 for Skillshare
  - Tiket crawl failed: Lever API responded with status 404 for Tiket
  - JSearch query "software engineer" failed: JSearch API responded with status 429 for query "software engineer"
  - JSearch query "backend engineer" failed: JSearch API responded with status 429 for query "backend engineer"
  - JSearch query "fullstack developer" failed: JSearch API responded with status 429 for query "fullstack developer"

=== Job Crawler Complete ===

## 2026-09-22T02:35:01Z
=== Job Crawler Starting ===
Time: 2026-09-22T02:33:45.242Z
Existing jobs in sheet: 14349
[Remotive] Found 0 jobs
[Company-Direct] Found 0 jobs from GitLab
[WeWorkRemotely] Found 0 jobs
[RemoteOK] Found 0 jobs
[JSearch] Error for query "software engineer": JSearch API responded with status 429 for query "software engineer"
[Company-Direct] Found 11 jobs from Cloudflare
[JSearch] Error for query "backend engineer": JSearch API responded with status 429 for query "backend engineer"
[JSearch] Error for query "fullstack developer": JSearch API responded with status 429 for query "fullstack developer"
[JSearch] Total: 0 jobs from 3 queries
[Company-Direct] Found 1 jobs from Figma
[JapanDev] Found 0 jobs
[BankNeo] Found 0 jobs (0 total)
[Kalibrr] Query "software engineer": found 50 jobs (total: 1126)
[Kalibrr] Query "backend engineer": found 50 jobs (total: 1126)
[Kalibrr] Query "fullstack developer": found 50 jobs (total: 1126)
[Kalibrr] Total: 6 jobs from 3 queries
[Company-Direct] Found 8 jobs from Stripe
[Company-Direct] Found 1 jobs from Vercel
[Company-Direct] Found 1 jobs from Speechify
[Company-Direct] Found 0 jobs from CircleCI
[Company-Direct] Found 0 jobs from Consensys
[Company-Direct] Found 0 jobs from Modern Health
[Company-Direct] Error crawling ReCharge: Greenhouse API responded with status 404 for ReCharge
[Company-Direct] Found 6 jobs from Xendit
[Company-Direct] Found 90 jobs from Agoda
[Company-Direct] Found 18 jobs from Twilio
[Company-Direct] Found 1 jobs from Remote
[Company-Direct] Found 0 jobs from Imply
[Company-Direct] Error crawling Netflix: Lever API responded with status 404 for Netflix
[Company-Direct] Found 533 jobs from Jobgether
[Company-Direct] Found 0 jobs from Kraken
[Company-Direct] Error crawling Medium: Lever API responded with status 404 for Medium
[Company-Direct] Error crawling Skillshare: Lever API responded with status 404 for Skillshare
[Company-Direct] Error crawling Tiket: Lever API responded with status 404 for Tiket
[Company-Direct] Found 0 jobs from Xsolla
[Company-Direct] Found 0 jobs from Notion
[Company-Direct] Found 0 jobs from Ramp
[Company-Direct] Found 0 jobs from Linear
[Company-Direct] Found 0 jobs from Deel
[Company-Direct] Found 0 jobs from Pave
[Company-Direct] Found 0 jobs from Bespoke Labs
[Company-Direct] Found 0 jobs from Snowflake
[Company-Direct] Found 0 jobs from Perplexity AI
[Company-Direct] Found 0 jobs from Lavendo
[Company-Direct] Found 0 jobs from Employment Hero
[TechInAsia] Found 8 jobs (total available: 296)
[Company-Direct] Found 17 jobs from Ajaib
[Company-Direct] Found 19 jobs from Stockbit
[Company-Direct] Found 0 jobs from Traveloka
[Company-Direct] Found 0 jobs from Dana
[Company-Direct] Found 0 jobs from Halodoc
[Company-Direct] Found 0 jobs from Kredivo
[Company-Direct] Found 0 jobs from Mitrais
[Company-Direct] Found 0 jobs from TabSquare
[Company-Direct] Found 8 jobs from Grab
[Company-Direct] Found 5 jobs from Wise
[Company-Direct] Found 0 jobs from Kata.ai
[Company-Direct] Found 0 jobs from Carousell
[Company-Direct] Found 5 jobs from Bookipi
[Company-Direct] Found 1 jobs from Shippit
[Blibli] Found 91 jobs (91 engineering out of 192 total)
RemoteOK: 0 jobs, 0 errors
Remotive: 0 jobs, 0 errors
Greenhouse: 725 jobs, 5 errors
JapanDev: 0 jobs, 0 errors
WeWorkRemotely: 0 jobs, 0 errors
TechInAsia: 8 jobs, 0 errors
Kalibrr: 6 jobs, 0 errors
Blibli: 91 jobs, 0 errors
BankNeo: 0 jobs, 0 errors
JSearch: 0 jobs, 3 errors

Total raw jobs collected: 830
After filtering: 93 jobs
After deduplication: 15 new jobs
Appended 15 jobs to Google Sheets

Errors (8):
  - ReCharge crawl failed: Greenhouse API responded with status 404 for ReCharge
  - Netflix crawl failed: Lever API responded with status 404 for Netflix
  - Medium crawl failed: Lever API responded with status 404 for Medium
  - Skillshare crawl failed: Lever API responded with status 404 for Skillshare
  - Tiket crawl failed: Lever API responded with status 404 for Tiket
  - JSearch query "software engineer" failed: JSearch API responded with status 429 for query "software engineer"
  - JSearch query "backend engineer" failed: JSearch API responded with status 429 for query "backend engineer"
  - JSearch query "fullstack developer" failed: JSearch API responded with status 429 for query "fullstack developer"

=== Job Crawler Complete ===

## 2026-09-22T10:39:22Z
=== Job Crawler Starting ===
Time: 2026-09-22T10:38:18.380Z
Existing jobs in sheet: 14364
[Remotive] Found 0 jobs
[WeWorkRemotely] Found 0 jobs
[Company-Direct] Found 0 jobs from GitLab
[JapanDev] Found 0 jobs
[Company-Direct] Found 13 jobs from Cloudflare
[JSearch] Error for query "software engineer": JSearch API responded with status 429 for query "software engineer"
[Company-Direct] Found 1 jobs from Figma
[Kalibrr] Query "software engineer": found 50 jobs (total: 1144)
[JSearch] Error for query "backend engineer": JSearch API responded with status 429 for query "backend engineer"
[RemoteOK] Found 0 jobs
[Company-Direct] Found 6 jobs from Stripe
[JSearch] Error for query "fullstack developer": JSearch API responded with status 429 for query "fullstack developer"
[JSearch] Total: 0 jobs from 3 queries
[Company-Direct] Found 1 jobs from Vercel
[Company-Direct] Found 26 jobs from Speechify
[Company-Direct] Found 0 jobs from CircleCI
[Kalibrr] Query "backend engineer": found 50 jobs (total: 1144)
[Company-Direct] Found 0 jobs from Consensys
[BankNeo] Found 0 jobs (0 total)
[Company-Direct] Found 0 jobs from Modern Health
[Company-Direct] Error crawling ReCharge: Greenhouse API responded with status 404 for ReCharge
[Kalibrr] Query "fullstack developer": found 50 jobs (total: 1144)
[Kalibrr] Total: 0 jobs from 3 queries
[Company-Direct] Found 6 jobs from Xendit
[Company-Direct] Found 3 jobs from Agoda
[Company-Direct] Found 14 jobs from Twilio
[Company-Direct] Found 1 jobs from Remote
[Company-Direct] Found 0 jobs from Imply
[Company-Direct] Error crawling Netflix: Lever API responded with status 404 for Netflix
[Company-Direct] Found 481 jobs from Jobgether
[Company-Direct] Found 0 jobs from Kraken
[Company-Direct] Error crawling Medium: Lever API responded with status 404 for Medium
[Company-Direct] Error crawling Skillshare: Lever API responded with status 404 for Skillshare
[Company-Direct] Error crawling Tiket: Lever API responded with status 404 for Tiket
[Company-Direct] Found 0 jobs from Xsolla
[Company-Direct] Found 0 jobs from Notion
[Company-Direct] Found 0 jobs from Ramp
[Company-Direct] Found 0 jobs from Linear
[Company-Direct] Found 0 jobs from Deel
[Company-Direct] Found 0 jobs from Pave
[Company-Direct] Found 0 jobs from Bespoke Labs
[Company-Direct] Found 0 jobs from Snowflake
[Company-Direct] Found 0 jobs from Perplexity AI
[Company-Direct] Found 0 jobs from Lavendo
[Company-Direct] Found 0 jobs from Employment Hero
[Company-Direct] Found 17 jobs from Ajaib
[TechInAsia] Found 2 jobs (total available: 294)
[Company-Direct] Found 19 jobs from Stockbit
[Company-Direct] Found 0 jobs from Traveloka
[Company-Direct] Found 0 jobs from Dana
[Company-Direct] Found 0 jobs from Halodoc
[Company-Direct] Found 0 jobs from Kredivo
[Company-Direct] Found 0 jobs from Mitrais
[Company-Direct] Found 0 jobs from TabSquare
[Company-Direct] Found 9 jobs from Grab
[Company-Direct] Found 2 jobs from Wise
[Company-Direct] Found 0 jobs from Kata.ai
[Company-Direct] Found 0 jobs from Carousell
[Company-Direct] Found 5 jobs from Bookipi
[Company-Direct] Found 1 jobs from Shippit
[Blibli] Found 89 jobs (89 engineering out of 192 total)
RemoteOK: 0 jobs, 0 errors
Remotive: 0 jobs, 0 errors
Greenhouse: 605 jobs, 5 errors
JapanDev: 0 jobs, 0 errors
WeWorkRemotely: 0 jobs, 0 errors
TechInAsia: 2 jobs, 0 errors
Kalibrr: 0 jobs, 0 errors
Blibli: 89 jobs, 0 errors
BankNeo: 0 jobs, 0 errors
JSearch: 0 jobs, 3 errors

Total raw jobs collected: 696
After filtering: 88 jobs
After deduplication: 21 new jobs
Appended 21 jobs to Google Sheets

Errors (8):
  - ReCharge crawl failed: Greenhouse API responded with status 404 for ReCharge
  - Netflix crawl failed: Lever API responded with status 404 for Netflix
  - Medium crawl failed: Lever API responded with status 404 for Medium
  - Skillshare crawl failed: Lever API responded with status 404 for Skillshare
  - Tiket crawl failed: Lever API responded with status 404 for Tiket
  - JSearch query "software engineer" failed: JSearch API responded with status 429 for query "software engineer"
  - JSearch query "backend engineer" failed: JSearch API responded with status 429 for query "backend engineer"
  - JSearch query "fullstack developer" failed: JSearch API responded with status 429 for query "fullstack developer"

=== Job Crawler Complete ===

## 2026-09-22T16:00:36Z
=== Job Crawler Starting ===
Time: 2026-09-22T15:59:26.740Z
Existing jobs in sheet: 14385
[Remotive] Found 0 jobs
[WeWorkRemotely] Found 0 jobs
[Company-Direct] Found 0 jobs from GitLab
[Company-Direct] Found 11 jobs from Cloudflare
[RemoteOK] Found 0 jobs
[JSearch] Error for query "software engineer": JSearch API responded with status 429 for query "software engineer"
[JapanDev] Found 0 jobs
[JSearch] Error for query "backend engineer": JSearch API responded with status 429 for query "backend engineer"
[JSearch] Error for query "fullstack developer": JSearch API responded with status 429 for query "fullstack developer"
[JSearch] Total: 0 jobs from 3 queries
[Company-Direct] Found 2 jobs from Figma
[Company-Direct] Found 7 jobs from Stripe
[Company-Direct] Found 1 jobs from Vercel
[Company-Direct] Found 26 jobs from Speechify
[BankNeo] Found 0 jobs (0 total)
[Company-Direct] Found 0 jobs from CircleCI
[Kalibrr] Query "software engineer": found 50 jobs (total: 1148)
[Kalibrr] Query "backend engineer": found 50 jobs (total: 1148)
[Kalibrr] Query "fullstack developer": found 50 jobs (total: 1148)
[Kalibrr] Total: 6 jobs from 3 queries
[Company-Direct] Found 0 jobs from Consensys
[Company-Direct] Found 0 jobs from Modern Health
[Company-Direct] Error crawling ReCharge: Greenhouse API responded with status 404 for ReCharge
[Company-Direct] Found 6 jobs from Xendit
[Company-Direct] Found 3 jobs from Agoda
[Company-Direct] Found 4 jobs from Twilio
[Company-Direct] Found 1 jobs from Remote
[Company-Direct] Found 0 jobs from Imply
[Company-Direct] Error crawling Netflix: Lever API responded with status 404 for Netflix
[TechInAsia] Found 2 jobs (total available: 295)
[Company-Direct] Found 422 jobs from Jobgether
[Company-Direct] Found 0 jobs from Kraken
[Company-Direct] Error crawling Medium: Lever API responded with status 404 for Medium
[Company-Direct] Error crawling Skillshare: Lever API responded with status 404 for Skillshare
[Company-Direct] Error crawling Tiket: Lever API responded with status 404 for Tiket
[Company-Direct] Found 0 jobs from Xsolla
[Company-Direct] Found 0 jobs from Notion
[Company-Direct] Found 0 jobs from Ramp
[Company-Direct] Found 0 jobs from Linear
[Company-Direct] Found 0 jobs from Deel
[Company-Direct] Found 0 jobs from Pave
[Company-Direct] Found 0 jobs from Bespoke Labs
[Company-Direct] Found 0 jobs from Snowflake
[Company-Direct] Found 0 jobs from Perplexity AI
[Company-Direct] Found 0 jobs from Lavendo
[Company-Direct] Found 0 jobs from Employment Hero
[Company-Direct] Found 17 jobs from Ajaib
[Company-Direct] Found 19 jobs from Stockbit
[Company-Direct] Found 0 jobs from Traveloka
[Company-Direct] Found 0 jobs from Dana
[Company-Direct] Found 0 jobs from Halodoc
[Company-Direct] Found 0 jobs from Kredivo
[Company-Direct] Found 0 jobs from Mitrais
[Company-Direct] Found 0 jobs from TabSquare
[Company-Direct] Found 8 jobs from Grab
[Company-Direct] Found 5 jobs from Wise
[Company-Direct] Found 0 jobs from Kata.ai
[Company-Direct] Found 2 jobs from Carousell
[Company-Direct] Found 5 jobs from Bookipi
[Company-Direct] Found 1 jobs from Shippit
[Blibli] Found 89 jobs (89 engineering out of 192 total)
RemoteOK: 0 jobs, 0 errors
Remotive: 0 jobs, 0 errors
Greenhouse: 540 jobs, 5 errors
JapanDev: 0 jobs, 0 errors
WeWorkRemotely: 0 jobs, 0 errors
TechInAsia: 2 jobs, 0 errors
Kalibrr: 6 jobs, 0 errors
Blibli: 89 jobs, 0 errors
BankNeo: 0 jobs, 0 errors
JSearch: 0 jobs, 3 errors

Total raw jobs collected: 637
After filtering: 94 jobs
After deduplication: 23 new jobs
Appended 23 jobs to Google Sheets

Errors (8):
  - ReCharge crawl failed: Greenhouse API responded with status 404 for ReCharge
  - Netflix crawl failed: Lever API responded with status 404 for Netflix
  - Medium crawl failed: Lever API responded with status 404 for Medium
  - Skillshare crawl failed: Lever API responded with status 404 for Skillshare
  - Tiket crawl failed: Lever API responded with status 404 for Tiket
  - JSearch query "software engineer" failed: JSearch API responded with status 429 for query "software engineer"
  - JSearch query "backend engineer" failed: JSearch API responded with status 429 for query "backend engineer"
  - JSearch query "fullstack developer" failed: JSearch API responded with status 429 for query "fullstack developer"

=== Job Crawler Complete ===

## 2026-09-22T20:41:51Z
=== Job Crawler Starting ===
Time: 2026-09-22T20:40:48.903Z
Existing jobs in sheet: 14408
[Remotive] Found 0 jobs
[Company-Direct] Found 0 jobs from GitLab
[WeWorkRemotely] Found 0 jobs
[RemoteOK] Found 0 jobs
[Company-Direct] Found 10 jobs from Cloudflare
[JSearch] Error for query "software engineer": JSearch API responded with status 429 for query "software engineer"
[JSearch] Error for query "backend engineer": JSearch API responded with status 429 for query "backend engineer"
[Company-Direct] Found 3 jobs from Figma
[JapanDev] Found 0 jobs
[JSearch] Error for query "fullstack developer": JSearch API responded with status 429 for query "fullstack developer"
[JSearch] Total: 0 jobs from 3 queries
[Company-Direct] Found 9 jobs from Stripe
[Company-Direct] Found 9 jobs from Vercel
[Company-Direct] Found 25 jobs from Speechify
[Company-Direct] Found 0 jobs from CircleCI
[Company-Direct] Found 0 jobs from Consensys
[Company-Direct] Found 0 jobs from Modern Health
[Company-Direct] Error crawling ReCharge: Greenhouse API responded with status 404 for ReCharge
[Company-Direct] Found 6 jobs from Xendit
[BankNeo] Found 0 jobs (0 total)
[Company-Direct] Found 5 jobs from Agoda
[Company-Direct] Found 3 jobs from Twilio
[Company-Direct] Found 1 jobs from Remote
[Company-Direct] Found 0 jobs from Imply
[Kalibrr] Query "software engineer": found 50 jobs (total: 1144)
[Company-Direct] Error crawling Netflix: Lever API responded with status 404 for Netflix
[Kalibrr] Query "backend engineer": found 50 jobs (total: 1144)
[Kalibrr] Query "fullstack developer": found 50 jobs (total: 1144)
[Kalibrr] Total: 9 jobs from 3 queries
[Company-Direct] Found 422 jobs from Jobgether
[Company-Direct] Found 0 jobs from Kraken
[Company-Direct] Error crawling Medium: Lever API responded with status 404 for Medium
[Company-Direct] Error crawling Skillshare: Lever API responded with status 404 for Skillshare
[Company-Direct] Error crawling Tiket: Lever API responded with status 404 for Tiket
[Company-Direct] Found 0 jobs from Xsolla
[Company-Direct] Found 0 jobs from Notion
[Company-Direct] Found 0 jobs from Ramp
[Company-Direct] Found 0 jobs from Linear
[Company-Direct] Found 0 jobs from Deel
[Company-Direct] Found 0 jobs from Pave
[Company-Direct] Found 0 jobs from Bespoke Labs
[Company-Direct] Found 0 jobs from Snowflake
[Company-Direct] Found 0 jobs from Perplexity AI
[Company-Direct] Found 0 jobs from Lavendo
[Company-Direct] Found 0 jobs from Employment Hero
[Company-Direct] Found 17 jobs from Ajaib
[TechInAsia] Found 2 jobs (total available: 295)
[Company-Direct] Found 19 jobs from Stockbit
[Company-Direct] Found 0 jobs from Traveloka
[Company-Direct] Found 0 jobs from Dana
[Company-Direct] Found 0 jobs from Halodoc
[Company-Direct] Found 0 jobs from Kredivo
[Company-Direct] Found 0 jobs from Mitrais
[Company-Direct] Found 0 jobs from TabSquare
[Company-Direct] Found 8 jobs from Grab
[Company-Direct] Found 5 jobs from Wise
[Company-Direct] Found 0 jobs from Kata.ai
[Company-Direct] Found 2 jobs from Carousell
[Company-Direct] Found 5 jobs from Bookipi
[Company-Direct] Found 1 jobs from Shippit
[Blibli] Found 89 jobs (89 engineering out of 192 total)
RemoteOK: 0 jobs, 0 errors
Remotive: 0 jobs, 0 errors
Greenhouse: 550 jobs, 5 errors
JapanDev: 0 jobs, 0 errors
WeWorkRemotely: 0 jobs, 0 errors
TechInAsia: 2 jobs, 0 errors
Kalibrr: 9 jobs, 0 errors
Blibli: 89 jobs, 0 errors
BankNeo: 0 jobs, 0 errors
JSearch: 0 jobs, 3 errors

Total raw jobs collected: 650
After filtering: 103 jobs
After deduplication: 6 new jobs
Appended 6 jobs to Google Sheets

Errors (8):
  - ReCharge crawl failed: Greenhouse API responded with status 404 for ReCharge
  - Netflix crawl failed: Lever API responded with status 404 for Netflix
  - Medium crawl failed: Lever API responded with status 404 for Medium
  - Skillshare crawl failed: Lever API responded with status 404 for Skillshare
  - Tiket crawl failed: Lever API responded with status 404 for Tiket
  - JSearch query "software engineer" failed: JSearch API responded with status 429 for query "software engineer"
  - JSearch query "backend engineer" failed: JSearch API responded with status 429 for query "backend engineer"
  - JSearch query "fullstack developer" failed: JSearch API responded with status 429 for query "fullstack developer"

=== Job Crawler Complete ===

## 2026-09-23T02:35:03Z
=== Job Crawler Starting ===
Time: 2026-09-23T02:33:54.080Z
Existing jobs in sheet: 14414
[Remotive] Found 0 jobs
[WeWorkRemotely] Found 0 jobs
[Company-Direct] Found 0 jobs from GitLab
[JapanDev] Found 0 jobs
[Company-Direct] Found 10 jobs from Cloudflare
[RemoteOK] Found 0 jobs
[Company-Direct] Found 3 jobs from Figma
[Company-Direct] Found 11 jobs from Stripe
[Company-Direct] Found 11 jobs from Vercel
[JSearch] Error for query "software engineer": JSearch API responded with status 429 for query "software engineer"
[BankNeo] Found 0 jobs (0 total)
[Company-Direct] Found 0 jobs from Speechify
[JSearch] Error for query "backend engineer": JSearch API responded with status 429 for query "backend engineer"
[Company-Direct] Found 0 jobs from CircleCI
[JSearch] Error for query "fullstack developer": JSearch API responded with status 429 for query "fullstack developer"
[JSearch] Total: 0 jobs from 3 queries
[Company-Direct] Found 0 jobs from Consensys
[Company-Direct] Found 0 jobs from Modern Health
[Company-Direct] Error crawling ReCharge: Greenhouse API responded with status 404 for ReCharge
[Company-Direct] Found 6 jobs from Xendit
[Company-Direct] Found 7 jobs from Agoda
[Kalibrr] Query "software engineer": found 50 jobs (total: 1146)
[Company-Direct] Found 4 jobs from Twilio
[Company-Direct] Found 0 jobs from Remote
[Company-Direct] Found 0 jobs from Imply
[Kalibrr] Query "backend engineer": found 50 jobs (total: 1146)
[Company-Direct] Error crawling Netflix: Lever API responded with status 404 for Netflix
[Kalibrr] Query "fullstack developer": found 50 jobs (total: 1146)
[Kalibrr] Total: 3 jobs from 3 queries
[Company-Direct] Found 426 jobs from Jobgether
[Company-Direct] Found 0 jobs from Kraken
[Company-Direct] Error crawling Medium: Lever API responded with status 404 for Medium
[Company-Direct] Error crawling Skillshare: Lever API responded with status 404 for Skillshare
[Company-Direct] Error crawling Tiket: Lever API responded with status 404 for Tiket
[Company-Direct] Found 0 jobs from Xsolla
[Company-Direct] Found 0 jobs from Notion
[Company-Direct] Found 0 jobs from Ramp
[Company-Direct] Found 0 jobs from Linear
[Company-Direct] Found 0 jobs from Deel
[Company-Direct] Found 0 jobs from Pave
[Company-Direct] Found 0 jobs from Bespoke Labs
[Company-Direct] Found 0 jobs from Snowflake
[Company-Direct] Found 0 jobs from Perplexity AI
[Company-Direct] Found 0 jobs from Lavendo
[Company-Direct] Found 0 jobs from Employment Hero
[TechInAsia] Found 3 jobs (total available: 296)
[Company-Direct] Found 17 jobs from Ajaib
[Company-Direct] Found 19 jobs from Stockbit
[Company-Direct] Found 0 jobs from Traveloka
[Company-Direct] Found 0 jobs from Dana
[Company-Direct] Found 0 jobs from Halodoc
[Company-Direct] Found 0 jobs from Kredivo
[Company-Direct] Found 0 jobs from Mitrais
[Company-Direct] Found 0 jobs from TabSquare
[Company-Direct] Found 9 jobs from Grab
[Company-Direct] Found 5 jobs from Wise
[Company-Direct] Found 0 jobs from Kata.ai
[Company-Direct] Found 2 jobs from Carousell
[Company-Direct] Found 5 jobs from Bookipi
[Company-Direct] Found 1 jobs from Shippit
[Blibli] Found 88 jobs (88 engineering out of 190 total)
RemoteOK: 0 jobs, 0 errors
Remotive: 0 jobs, 0 errors
Greenhouse: 536 jobs, 5 errors
JapanDev: 0 jobs, 0 errors
WeWorkRemotely: 0 jobs, 0 errors
TechInAsia: 3 jobs, 0 errors
Kalibrr: 3 jobs, 0 errors
Blibli: 88 jobs, 0 errors
BankNeo: 0 jobs, 0 errors
JSearch: 0 jobs, 3 errors

Total raw jobs collected: 630
After filtering: 80 jobs
After deduplication: 12 new jobs
Appended 12 jobs to Google Sheets

Errors (8):
  - ReCharge crawl failed: Greenhouse API responded with status 404 for ReCharge
  - Netflix crawl failed: Lever API responded with status 404 for Netflix
  - Medium crawl failed: Lever API responded with status 404 for Medium
  - Skillshare crawl failed: Lever API responded with status 404 for Skillshare
  - Tiket crawl failed: Lever API responded with status 404 for Tiket
  - JSearch query "software engineer" failed: JSearch API responded with status 429 for query "software engineer"
  - JSearch query "backend engineer" failed: JSearch API responded with status 429 for query "backend engineer"
  - JSearch query "fullstack developer" failed: JSearch API responded with status 429 for query "fullstack developer"

=== Job Crawler Complete ===

## 2026-09-23T10:31:44Z
=== Job Crawler Starting ===
Time: 2026-09-23T10:30:36.260Z
Existing jobs in sheet: 14426
[Remotive] Found 0 jobs
[Company-Direct] Found 0 jobs from GitLab
[WeWorkRemotely] Found 0 jobs
[RemoteOK] Found 0 jobs
[Company-Direct] Found 9 jobs from Cloudflare
[Company-Direct] Found 3 jobs from Figma
[JapanDev] Found 0 jobs
[JSearch] Error for query "software engineer": JSearch API responded with status 429 for query "software engineer"
[JSearch] Error for query "backend engineer": JSearch API responded with status 429 for query "backend engineer"
[Company-Direct] Found 11 jobs from Stripe
[JSearch] Error for query "fullstack developer": JSearch API responded with status 429 for query "fullstack developer"
[JSearch] Total: 0 jobs from 3 queries
[Company-Direct] Found 11 jobs from Vercel
[Company-Direct] Found 0 jobs from Speechify
[Company-Direct] Found 0 jobs from CircleCI
[Company-Direct] Found 0 jobs from Consensys
[Company-Direct] Found 0 jobs from Modern Health
[Company-Direct] Error crawling ReCharge: Greenhouse API responded with status 404 for ReCharge
[Company-Direct] Found 6 jobs from Xendit
[BankNeo] Found 0 jobs (0 total)
[Company-Direct] Found 8 jobs from Agoda
[Company-Direct] Found 4 jobs from Twilio
[Company-Direct] Found 1 jobs from Remote
[Company-Direct] Found 0 jobs from Imply
[Kalibrr] Query "software engineer": found 50 jobs (total: 1152)
[Company-Direct] Error crawling Netflix: Lever API responded with status 404 for Netflix
[Kalibrr] Query "backend engineer": found 50 jobs (total: 1152)
[Kalibrr] Query "fullstack developer": found 50 jobs (total: 1152)
[Kalibrr] Total: 3 jobs from 3 queries
[Company-Direct] Found 328 jobs from Jobgether
[Company-Direct] Found 0 jobs from Kraken
[Company-Direct] Error crawling Medium: Lever API responded with status 404 for Medium
[Company-Direct] Error crawling Skillshare: Lever API responded with status 404 for Skillshare
[TechInAsia] Found 7 jobs (total available: 300)
[Company-Direct] Error crawling Tiket: Lever API responded with status 404 for Tiket
[Company-Direct] Found 0 jobs from Xsolla
[Company-Direct] Found 0 jobs from Notion
[Company-Direct] Found 0 jobs from Ramp
[Company-Direct] Found 0 jobs from Linear
[Company-Direct] Found 0 jobs from Deel
[Company-Direct] Found 0 jobs from Pave
[Company-Direct] Found 0 jobs from Bespoke Labs
[Company-Direct] Found 0 jobs from Snowflake
[Company-Direct] Found 0 jobs from Perplexity AI
[Company-Direct] Found 0 jobs from Lavendo
[Company-Direct] Found 0 jobs from Employment Hero
[Company-Direct] Found 17 jobs from Ajaib
[Company-Direct] Found 19 jobs from Stockbit
[Company-Direct] Found 0 jobs from Traveloka
[Company-Direct] Found 0 jobs from Dana
[Company-Direct] Found 0 jobs from Halodoc
[Company-Direct] Found 0 jobs from Kredivo
[Company-Direct] Found 0 jobs from Mitrais
[Company-Direct] Found 0 jobs from TabSquare
[Company-Direct] Found 8 jobs from Grab
[Company-Direct] Found 6 jobs from Wise
[Company-Direct] Found 0 jobs from Kata.ai
[Company-Direct] Found 2 jobs from Carousell
[Company-Direct] Found 5 jobs from Bookipi
[Company-Direct] Found 1 jobs from Shippit
[Blibli] Found 84 jobs (84 engineering out of 180 total)
RemoteOK: 0 jobs, 0 errors
Remotive: 0 jobs, 0 errors
Greenhouse: 439 jobs, 5 errors
JapanDev: 0 jobs, 0 errors
WeWorkRemotely: 0 jobs, 0 errors
TechInAsia: 7 jobs, 0 errors
Kalibrr: 3 jobs, 0 errors
Blibli: 84 jobs, 0 errors
BankNeo: 0 jobs, 0 errors
JSearch: 0 jobs, 3 errors

Total raw jobs collected: 533
After filtering: 94 jobs
After deduplication: 34 new jobs
Appended 34 jobs to Google Sheets

Errors (8):
  - ReCharge crawl failed: Greenhouse API responded with status 404 for ReCharge
  - Netflix crawl failed: Lever API responded with status 404 for Netflix
  - Medium crawl failed: Lever API responded with status 404 for Medium
  - Skillshare crawl failed: Lever API responded with status 404 for Skillshare
  - Tiket crawl failed: Lever API responded with status 404 for Tiket
  - JSearch query "software engineer" failed: JSearch API responded with status 429 for query "software engineer"
  - JSearch query "backend engineer" failed: JSearch API responded with status 429 for query "backend engineer"
  - JSearch query "fullstack developer" failed: JSearch API responded with status 429 for query "fullstack developer"

=== Job Crawler Complete ===

## 2026-09-23T15:50:42Z
=== Job Crawler Starting ===
Time: 2026-09-23T15:49:30.829Z
Existing jobs in sheet: 14460
[Remotive] Found 0 jobs
[WeWorkRemotely] Found 0 jobs
[Company-Direct] Found 4 jobs from GitLab
[RemoteOK] Found 0 jobs
[JapanDev] Found 0 jobs
[Company-Direct] Found 12 jobs from Cloudflare
[Company-Direct] Found 2 jobs from Figma
[JSearch] Error for query "software engineer": JSearch API responded with status 429 for query "software engineer"
[Company-Direct] Found 12 jobs from Stripe
[JSearch] Error for query "backend engineer": JSearch API responded with status 429 for query "backend engineer"
[Company-Direct] Found 15 jobs from Vercel
[Company-Direct] Found 0 jobs from Speechify
[Company-Direct] Found 0 jobs from CircleCI
[BankNeo] Found 0 jobs (0 total)
[Company-Direct] Found 0 jobs from Consensys
[Company-Direct] Found 0 jobs from Modern Health
[Kalibrr] Query "software engineer": found 50 jobs (total: 1160)
[JSearch] Error for query "fullstack developer": JSearch API responded with status 429 for query "fullstack developer"
[JSearch] Total: 0 jobs from 3 queries
[Company-Direct] Error crawling ReCharge: Greenhouse API responded with status 404 for ReCharge
[Kalibrr] Query "backend engineer": found 50 jobs (total: 1160)
[Company-Direct] Found 6 jobs from Xendit
[Company-Direct] Found 9 jobs from Agoda
[Kalibrr] Query "fullstack developer": found 50 jobs (total: 1160)
[Kalibrr] Total: 3 jobs from 3 queries
[Company-Direct] Found 14 jobs from Twilio
[Company-Direct] Found 1 jobs from Remote
[Company-Direct] Found 0 jobs from Imply
[Company-Direct] Error crawling Netflix: Lever API responded with status 404 for Netflix
[TechInAsia] Found 6 jobs (total available: 300)
[Company-Direct] Found 386 jobs from Jobgether
[Company-Direct] Found 0 jobs from Kraken
[Company-Direct] Error crawling Medium: Lever API responded with status 404 for Medium
[Company-Direct] Error crawling Skillshare: Lever API responded with status 404 for Skillshare
[Company-Direct] Error crawling Tiket: Lever API responded with status 404 for Tiket
[Company-Direct] Found 0 jobs from Xsolla
[Company-Direct] Found 0 jobs from Notion
[Company-Direct] Found 0 jobs from Ramp
[Company-Direct] Found 0 jobs from Linear
[Company-Direct] Found 0 jobs from Deel
[Company-Direct] Found 0 jobs from Pave
[Company-Direct] Found 0 jobs from Bespoke Labs
[Company-Direct] Found 0 jobs from Snowflake
[Company-Direct] Found 0 jobs from Perplexity AI
[Company-Direct] Found 0 jobs from Lavendo
[Company-Direct] Found 0 jobs from Employment Hero
[Company-Direct] Found 17 jobs from Ajaib
[Company-Direct] Found 19 jobs from Stockbit
[Company-Direct] Found 0 jobs from Traveloka
[Company-Direct] Found 0 jobs from Dana
[Company-Direct] Found 0 jobs from Halodoc
[Company-Direct] Found 0 jobs from Kredivo
[Company-Direct] Found 0 jobs from Mitrais
[Company-Direct] Found 0 jobs from TabSquare
[Company-Direct] Found 6 jobs from Grab
[Blibli] Found 80 jobs (80 engineering out of 175 total)
[Company-Direct] Found 13 jobs from Wise
[Company-Direct] Found 0 jobs from Kata.ai
[Company-Direct] Found 1 jobs from Carousell
[Company-Direct] Found 5 jobs from Bookipi
[Company-Direct] Found 1 jobs from Shippit
RemoteOK: 0 jobs, 0 errors
Remotive: 0 jobs, 0 errors
Greenhouse: 523 jobs, 5 errors
JapanDev: 0 jobs, 0 errors
WeWorkRemotely: 0 jobs, 0 errors
TechInAsia: 6 jobs, 0 errors
Kalibrr: 3 jobs, 0 errors
Blibli: 80 jobs, 0 errors
BankNeo: 0 jobs, 0 errors
JSearch: 0 jobs, 3 errors

Total raw jobs collected: 612
After filtering: 89 jobs
After deduplication: 7 new jobs
Appended 7 jobs to Google Sheets

Errors (8):
  - ReCharge crawl failed: Greenhouse API responded with status 404 for ReCharge
  - Netflix crawl failed: Lever API responded with status 404 for Netflix
  - Medium crawl failed: Lever API responded with status 404 for Medium
  - Skillshare crawl failed: Lever API responded with status 404 for Skillshare
  - Tiket crawl failed: Lever API responded with status 404 for Tiket
  - JSearch query "software engineer" failed: JSearch API responded with status 429 for query "software engineer"
  - JSearch query "backend engineer" failed: JSearch API responded with status 429 for query "backend engineer"
  - JSearch query "fullstack developer" failed: JSearch API responded with status 429 for query "fullstack developer"

=== Job Crawler Complete ===

## 2026-09-23T20:53:58Z
=== Job Crawler Starting ===
Time: 2026-09-23T20:53:08.498Z
Existing jobs in sheet: 14467
[Company-Direct] Found 5 jobs from GitLab
[Remotive] Found 0 jobs
[WeWorkRemotely] Found 0 jobs
[Company-Direct] Found 9 jobs from Cloudflare
[JapanDev] Found 0 jobs
[JSearch] Error for query "software engineer": JSearch API responded with status 429 for query "software engineer"
[Company-Direct] Found 0 jobs from Figma
[JSearch] Error for query "backend engineer": JSearch API responded with status 429 for query "backend engineer"
[JSearch] Error for query "fullstack developer": JSearch API responded with status 429 for query "fullstack developer"
[JSearch] Total: 0 jobs from 3 queries
[RemoteOK] Found 0 jobs
[Company-Direct] Found 10 jobs from Stripe
[Company-Direct] Found 8 jobs from Vercel
[BankNeo] Found 0 jobs (0 total)
[Company-Direct] Found 0 jobs from Speechify
[Company-Direct] Found 0 jobs from CircleCI
[Company-Direct] Found 0 jobs from Consensys
[Company-Direct] Found 0 jobs from Modern Health
[Company-Direct] Error crawling ReCharge: Greenhouse API responded with status 404 for ReCharge
[Company-Direct] Found 6 jobs from Xendit
[Kalibrr] Query "software engineer": found 50 jobs (total: 1156)
[Company-Direct] Found 13 jobs from Agoda
[Company-Direct] Found 14 jobs from Twilio
[Kalibrr] Query "backend engineer": found 50 jobs (total: 1156)
[Company-Direct] Found 1 jobs from Remote
[Kalibrr] Query "fullstack developer": found 50 jobs (total: 1156)
[Kalibrr] Total: 3 jobs from 3 queries
[Company-Direct] Found 0 jobs from Imply
[Company-Direct] Error crawling Netflix: Lever API responded with status 404 for Netflix
[Company-Direct] Found 455 jobs from Jobgether
[Company-Direct] Found 0 jobs from Kraken
[Company-Direct] Error crawling Medium: Lever API responded with status 404 for Medium
[Company-Direct] Error crawling Skillshare: Lever API responded with status 404 for Skillshare
[Company-Direct] Error crawling Tiket: Lever API responded with status 404 for Tiket
[Company-Direct] Found 0 jobs from Xsolla
[Company-Direct] Found 0 jobs from Notion
[Company-Direct] Found 0 jobs from Ramp
[Company-Direct] Found 0 jobs from Linear
[Company-Direct] Found 0 jobs from Deel
[Company-Direct] Found 0 jobs from Pave
[Company-Direct] Found 0 jobs from Bespoke Labs
[Company-Direct] Found 0 jobs from Snowflake
[Company-Direct] Found 0 jobs from Perplexity AI
[Company-Direct] Found 0 jobs from Lavendo
[Company-Direct] Found 0 jobs from Employment Hero
[TechInAsia] Found 6 jobs (total available: 300)
[Company-Direct] Found 17 jobs from Ajaib
[Company-Direct] Found 19 jobs from Stockbit
[Company-Direct] Found 0 jobs from Traveloka
[Company-Direct] Found 0 jobs from Dana
[Company-Direct] Found 0 jobs from Halodoc
[Company-Direct] Found 0 jobs from Kredivo
[Company-Direct] Found 0 jobs from Mitrais
[Company-Direct] Found 0 jobs from TabSquare
[Company-Direct] Found 6 jobs from Grab
[Company-Direct] Found 18 jobs from Wise
[Company-Direct] Found 0 jobs from Kata.ai
[Company-Direct] Found 1 jobs from Carousell
[Company-Direct] Found 5 jobs from Bookipi
[Company-Direct] Found 1 jobs from Shippit
[Blibli] Found 80 jobs (80 engineering out of 175 total)
RemoteOK: 0 jobs, 0 errors
Remotive: 0 jobs, 0 errors
Greenhouse: 588 jobs, 5 errors
JapanDev: 0 jobs, 0 errors
WeWorkRemotely: 0 jobs, 0 errors
TechInAsia: 6 jobs, 0 errors
Kalibrr: 3 jobs, 0 errors
Blibli: 80 jobs, 0 errors
BankNeo: 0 jobs, 0 errors
JSearch: 0 jobs, 3 errors

Total raw jobs collected: 677
After filtering: 95 jobs
After deduplication: 10 new jobs
Appended 10 jobs to Google Sheets

Errors (8):
  - ReCharge crawl failed: Greenhouse API responded with status 404 for ReCharge
  - Netflix crawl failed: Lever API responded with status 404 for Netflix
  - Medium crawl failed: Lever API responded with status 404 for Medium
  - Skillshare crawl failed: Lever API responded with status 404 for Skillshare
  - Tiket crawl failed: Lever API responded with status 404 for Tiket
  - JSearch query "software engineer" failed: JSearch API responded with status 429 for query "software engineer"
  - JSearch query "backend engineer" failed: JSearch API responded with status 429 for query "backend engineer"
  - JSearch query "fullstack developer" failed: JSearch API responded with status 429 for query "fullstack developer"

=== Job Crawler Complete ===

## 2026-09-24T02:24:19Z
=== Job Crawler Starting ===
Time: 2026-09-24T02:23:14.569Z
Existing jobs in sheet: 14477
[Remotive] Found 0 jobs
[Company-Direct] Found 5 jobs from GitLab
[WeWorkRemotely] Found 0 jobs
[Company-Direct] Found 6 jobs from Cloudflare
[RemoteOK] Found 0 jobs
[Company-Direct] Found 0 jobs from Figma
[Company-Direct] Found 8 jobs from Stripe
[JapanDev] Found 0 jobs
[Company-Direct] Found 5 jobs from Vercel
[Company-Direct] Found 0 jobs from Speechify
[JSearch] Error for query "software engineer": JSearch API responded with status 429 for query "software engineer"
[Company-Direct] Found 0 jobs from CircleCI
[Company-Direct] Found 0 jobs from Consensys
[Company-Direct] Found 0 jobs from Modern Health
[Company-Direct] Error crawling ReCharge: Greenhouse API responded with status 404 for ReCharge
[Company-Direct] Found 6 jobs from Xendit
[Company-Direct] Found 12 jobs from Agoda
[Kalibrr] Query "software engineer": found 50 jobs (total: 1155)
[Company-Direct] Found 13 jobs from Twilio
[JSearch] Error for query "backend engineer": JSearch API responded with status 429 for query "backend engineer"
[JSearch] Error for query "fullstack developer": JSearch API responded with status 429 for query "fullstack developer"
[JSearch] Total: 0 jobs from 3 queries
[Company-Direct] Found 1 jobs from Remote
[Company-Direct] Found 0 jobs from Imply
[BankNeo] Found 0 jobs (0 total)
[Kalibrr] Query "backend engineer": found 50 jobs (total: 1155)
[Company-Direct] Error crawling Netflix: Lever API responded with status 404 for Netflix
[Kalibrr] Query "fullstack developer": found 50 jobs (total: 1155)
[Kalibrr] Total: 6 jobs from 3 queries
[Company-Direct] Found 451 jobs from Jobgether
[Company-Direct] Found 0 jobs from Kraken
[Company-Direct] Error crawling Medium: Lever API responded with status 404 for Medium
[Company-Direct] Error crawling Skillshare: Lever API responded with status 404 for Skillshare
[Company-Direct] Error crawling Tiket: Lever API responded with status 404 for Tiket
[Company-Direct] Found 0 jobs from Xsolla
[Company-Direct] Found 0 jobs from Notion
[Company-Direct] Found 0 jobs from Ramp
[Company-Direct] Found 0 jobs from Linear
[Company-Direct] Found 0 jobs from Deel
[Company-Direct] Found 0 jobs from Pave
[Company-Direct] Found 0 jobs from Bespoke Labs
[Company-Direct] Found 0 jobs from Snowflake
[Company-Direct] Found 0 jobs from Perplexity AI
[Company-Direct] Found 0 jobs from Lavendo
[Company-Direct] Found 0 jobs from Employment Hero
[Company-Direct] Found 17 jobs from Ajaib
[TechInAsia] Found 5 jobs (total available: 300)
[Company-Direct] Found 19 jobs from Stockbit
[Company-Direct] Found 0 jobs from Traveloka
[Company-Direct] Found 0 jobs from Dana
[Company-Direct] Found 0 jobs from Halodoc
[Company-Direct] Found 0 jobs from Kredivo
[Company-Direct] Found 0 jobs from Mitrais
[Company-Direct] Found 0 jobs from TabSquare
[Company-Direct] Found 5 jobs from Grab
[Company-Direct] Found 18 jobs from Wise
[Company-Direct] Found 0 jobs from Kata.ai
[Company-Direct] Found 1 jobs from Carousell
[Company-Direct] Found 5 jobs from Bookipi
[Company-Direct] Found 1 jobs from Shippit
[Blibli] Found 80 jobs (80 engineering out of 175 total)
RemoteOK: 0 jobs, 0 errors
Remotive: 0 jobs, 0 errors
Greenhouse: 573 jobs, 5 errors
JapanDev: 0 jobs, 0 errors
WeWorkRemotely: 0 jobs, 0 errors
TechInAsia: 5 jobs, 0 errors
Kalibrr: 6 jobs, 0 errors
Blibli: 80 jobs, 0 errors
BankNeo: 0 jobs, 0 errors
JSearch: 0 jobs, 3 errors

Total raw jobs collected: 664
After filtering: 82 jobs
After deduplication: 3 new jobs
Appended 3 jobs to Google Sheets

Errors (8):
  - ReCharge crawl failed: Greenhouse API responded with status 404 for ReCharge
  - Netflix crawl failed: Lever API responded with status 404 for Netflix
  - Medium crawl failed: Lever API responded with status 404 for Medium
  - Skillshare crawl failed: Lever API responded with status 404 for Skillshare
  - Tiket crawl failed: Lever API responded with status 404 for Tiket
  - JSearch query "software engineer" failed: JSearch API responded with status 429 for query "software engineer"
  - JSearch query "backend engineer" failed: JSearch API responded with status 429 for query "backend engineer"
  - JSearch query "fullstack developer" failed: JSearch API responded with status 429 for query "fullstack developer"

=== Job Crawler Complete ===

## 2026-09-24T10:49:27Z
=== Job Crawler Starting ===
Time: 2026-09-24T10:48:03.048Z
Existing jobs in sheet: 14480
[Remotive] Found 0 jobs
[WeWorkRemotely] Found 0 jobs
[Company-Direct] Found 8 jobs from GitLab
[JapanDev] Found 0 jobs
[Company-Direct] Found 6 jobs from Cloudflare
[RemoteOK] Found 0 jobs
[Company-Direct] Found 0 jobs from Figma
[Company-Direct] Found 7 jobs from Stripe
[Company-Direct] Found 5 jobs from Vercel
[Company-Direct] Found 0 jobs from Speechify
[Company-Direct] Found 0 jobs from CircleCI
[BankNeo] Found 0 jobs (0 total)
[Company-Direct] Found 0 jobs from Consensys
[Company-Direct] Found 0 jobs from Modern Health
[Company-Direct] Error crawling ReCharge: Greenhouse API responded with status 404 for ReCharge
[Company-Direct] Found 7 jobs from Xendit
[JSearch] Error for query "software engineer": JSearch API responded with status 429 for query "software engineer"
[JSearch] Error for query "backend engineer": JSearch API responded with status 429 for query "backend engineer"
[Company-Direct] Found 46 jobs from Agoda
[Kalibrr] Query "software engineer": found 50 jobs (total: 1169)
[JSearch] Error for query "fullstack developer": JSearch API responded with status 429 for query "fullstack developer"
[JSearch] Total: 0 jobs from 3 queries
[Company-Direct] Found 12 jobs from Twilio
[Company-Direct] Found 0 jobs from Remote
[Company-Direct] Found 0 jobs from Imply
[Kalibrr] Query "backend engineer": found 50 jobs (total: 1169)
[Company-Direct] Error crawling Netflix: Lever API responded with status 404 for Netflix
[Kalibrr] Query "fullstack developer": found 50 jobs (total: 1169)
[Kalibrr] Total: 3 jobs from 3 queries
[Company-Direct] Found 391 jobs from Jobgether
[Company-Direct] Found 0 jobs from Kraken
[Company-Direct] Error crawling Medium: Lever API responded with status 404 for Medium
[Company-Direct] Error crawling Skillshare: Lever API responded with status 404 for Skillshare
[Company-Direct] Error crawling Tiket: Lever API responded with status 404 for Tiket
[Company-Direct] Found 0 jobs from Xsolla
[Company-Direct] Found 0 jobs from Notion
[Company-Direct] Found 0 jobs from Ramp
[Company-Direct] Found 0 jobs from Linear
[Company-Direct] Found 0 jobs from Deel
[Company-Direct] Found 0 jobs from Pave
[Company-Direct] Found 0 jobs from Bespoke Labs
[Company-Direct] Found 0 jobs from Snowflake
[Company-Direct] Found 0 jobs from Perplexity AI
[Company-Direct] Found 0 jobs from Lavendo
[Company-Direct] Found 0 jobs from Employment Hero
[Company-Direct] Found 17 jobs from Ajaib
[TechInAsia] Found 4 jobs (total available: 304)
[Company-Direct] Found 19 jobs from Stockbit
[Company-Direct] Found 0 jobs from Traveloka
[Company-Direct] Found 0 jobs from Dana
[Company-Direct] Found 0 jobs from Halodoc
[Company-Direct] Found 0 jobs from Kredivo
[Company-Direct] Found 0 jobs from Mitrais
[Company-Direct] Found 0 jobs from TabSquare
[Company-Direct] Found 4 jobs from Grab
[Company-Direct] Found 22 jobs from Wise
[Company-Direct] Found 0 jobs from Kata.ai
[Company-Direct] Found 0 jobs from Carousell
[Company-Direct] Found 5 jobs from Bookipi
[Company-Direct] Found 1 jobs from Shippit
[Blibli] Found 79 jobs (79 engineering out of 177 total)
RemoteOK: 0 jobs, 0 errors
Remotive: 0 jobs, 0 errors
Greenhouse: 550 jobs, 5 errors
JapanDev: 0 jobs, 0 errors
WeWorkRemotely: 0 jobs, 0 errors
TechInAsia: 4 jobs, 0 errors
Kalibrr: 3 jobs, 0 errors
Blibli: 79 jobs, 0 errors
BankNeo: 0 jobs, 0 errors
JSearch: 0 jobs, 3 errors

Total raw jobs collected: 636
After filtering: 60 jobs
After deduplication: 13 new jobs
Appended 13 jobs to Google Sheets

Errors (8):
  - ReCharge crawl failed: Greenhouse API responded with status 404 for ReCharge
  - Netflix crawl failed: Lever API responded with status 404 for Netflix
  - Medium crawl failed: Lever API responded with status 404 for Medium
  - Skillshare crawl failed: Lever API responded with status 404 for Skillshare
  - Tiket crawl failed: Lever API responded with status 404 for Tiket
  - JSearch query "software engineer" failed: JSearch API responded with status 429 for query "software engineer"
  - JSearch query "backend engineer" failed: JSearch API responded with status 429 for query "backend engineer"
  - JSearch query "fullstack developer" failed: JSearch API responded with status 429 for query "fullstack developer"

=== Job Crawler Complete ===

## 2026-09-24T16:12:24Z
=== Job Crawler Starting ===
Time: 2026-09-24T16:11:26.623Z
Existing jobs in sheet: 14493
[Remotive] Found 0 jobs
[Company-Direct] Found 6 jobs from GitLab
[WeWorkRemotely] Found 0 jobs
[RemoteOK] Found 0 jobs
[Company-Direct] Found 2 jobs from Cloudflare
[Company-Direct] Found 2 jobs from Figma
[JapanDev] Found 0 jobs
[Company-Direct] Found 7 jobs from Stripe
[Company-Direct] Found 0 jobs from Vercel
[Company-Direct] Found 0 jobs from Speechify
[Company-Direct] Found 0 jobs from CircleCI
[Company-Direct] Found 0 jobs from Consensys
[Company-Direct] Found 0 jobs from Modern Health
[Company-Direct] Error crawling ReCharge: Greenhouse API responded with status 404 for ReCharge
[Company-Direct] Found 7 jobs from Xendit
[Company-Direct] Found 46 jobs from Agoda
[Company-Direct] Found 12 jobs from Twilio
[BankNeo] Found 0 jobs (0 total)
[Company-Direct] Found 0 jobs from Remote
[Company-Direct] Found 0 jobs from Imply
[Kalibrr] Query "software engineer": found 50 jobs (total: 1169)
[Company-Direct] Error crawling Netflix: Lever API responded with status 404 for Netflix
[Kalibrr] Query "backend engineer": found 50 jobs (total: 1169)
[Kalibrr] Query "fullstack developer": found 50 jobs (total: 1169)
[Kalibrr] Total: 3 jobs from 3 queries
[Company-Direct] Found 353 jobs from Jobgether
[Company-Direct] Found 0 jobs from Kraken
[Company-Direct] Error crawling Medium: Lever API responded with status 404 for Medium
[Company-Direct] Error crawling Skillshare: Lever API responded with status 404 for Skillshare
[Company-Direct] Error crawling Tiket: Lever API responded with status 404 for Tiket
[Company-Direct] Found 0 jobs from Xsolla
[Company-Direct] Found 0 jobs from Notion
[Company-Direct] Found 0 jobs from Ramp
[Company-Direct] Found 0 jobs from Linear
[Company-Direct] Found 0 jobs from Deel
[Company-Direct] Found 0 jobs from Pave
[Company-Direct] Found 0 jobs from Bespoke Labs
[Company-Direct] Found 0 jobs from Snowflake
[Company-Direct] Found 0 jobs from Perplexity AI
[Company-Direct] Found 0 jobs from Lavendo
[Company-Direct] Found 0 jobs from Employment Hero
[Company-Direct] Found 17 jobs from Ajaib
[TechInAsia] Found 7 jobs (total available: 307)
[JSearch] Query "software engineer": found 10 jobs
[JSearch] Query "backend engineer": found 9 jobs
[JSearch] Query "fullstack developer": found 10 jobs
[JSearch] Total: 29 jobs from 3 queries
[Company-Direct] Found 19 jobs from Stockbit
[Company-Direct] Found 0 jobs from Traveloka
[Company-Direct] Found 0 jobs from Dana
[Company-Direct] Found 0 jobs from Halodoc
[Company-Direct] Found 0 jobs from Kredivo
[Company-Direct] Found 0 jobs from Mitrais
[Company-Direct] Found 0 jobs from TabSquare
[Company-Direct] Found 4 jobs from Grab
[Company-Direct] Found 14 jobs from Wise
[Company-Direct] Found 0 jobs from Kata.ai
[Company-Direct] Found 0 jobs from Carousell
[Company-Direct] Found 5 jobs from Bookipi
[Company-Direct] Found 1 jobs from Shippit
[Blibli] Found 79 jobs (79 engineering out of 177 total)
RemoteOK: 0 jobs, 0 errors
Remotive: 0 jobs, 0 errors
Greenhouse: 495 jobs, 5 errors
JapanDev: 0 jobs, 0 errors
WeWorkRemotely: 0 jobs, 0 errors
TechInAsia: 7 jobs, 0 errors
Kalibrr: 3 jobs, 0 errors
Blibli: 79 jobs, 0 errors
BankNeo: 0 jobs, 0 errors
JSearch: 29 jobs, 0 errors

Total raw jobs collected: 613
After filtering: 84 jobs
After deduplication: 30 new jobs
Appended 30 jobs to Google Sheets

Errors (5):
  - ReCharge crawl failed: Greenhouse API responded with status 404 for ReCharge
  - Netflix crawl failed: Lever API responded with status 404 for Netflix
  - Medium crawl failed: Lever API responded with status 404 for Medium
  - Skillshare crawl failed: Lever API responded with status 404 for Skillshare
  - Tiket crawl failed: Lever API responded with status 404 for Tiket

=== Job Crawler Complete ===

## 2026-09-24T20:58:24Z
=== Job Crawler Starting ===
Time: 2026-09-24T20:57:28.115Z
Existing jobs in sheet: 14523
[Remotive] Found 0 jobs
[Company-Direct] Found 4 jobs from GitLab
[Company-Direct] Found 3 jobs from Cloudflare
[RemoteOK] Found 0 jobs
[JapanDev] Found 0 jobs
[WeWorkRemotely] Found 0 jobs
[Company-Direct] Found 2 jobs from Figma
[Company-Direct] Found 8 jobs from Stripe
[Company-Direct] Found 23 jobs from Vercel
[Company-Direct] Found 0 jobs from Speechify
[Company-Direct] Found 3 jobs from CircleCI
[Company-Direct] Found 0 jobs from Consensys
[Company-Direct] Found 0 jobs from Modern Health
[BankNeo] Found 0 jobs (0 total)
[Kalibrr] Query "software engineer": found 50 jobs (total: 1158)
[Company-Direct] Error crawling ReCharge: Greenhouse API responded with status 404 for ReCharge
[Company-Direct] Found 7 jobs from Xendit
[Company-Direct] Found 41 jobs from Agoda
[Company-Direct] Found 12 jobs from Twilio
[Kalibrr] Query "backend engineer": found 50 jobs (total: 1158)
[Company-Direct] Found 0 jobs from Remote
[Company-Direct] Found 0 jobs from Imply
[Company-Direct] Error crawling Netflix: Lever API responded with status 404 for Netflix
[Kalibrr] Query "fullstack developer": found 50 jobs (total: 1158)
[Kalibrr] Total: 3 jobs from 3 queries
[Company-Direct] Found 284 jobs from Jobgether
[Company-Direct] Found 0 jobs from Kraken
[Company-Direct] Error crawling Medium: Lever API responded with status 404 for Medium
[Company-Direct] Error crawling Skillshare: Lever API responded with status 404 for Skillshare
[Company-Direct] Error crawling Tiket: Lever API responded with status 404 for Tiket
[Company-Direct] Found 0 jobs from Xsolla
[Company-Direct] Found 0 jobs from Notion
[Company-Direct] Found 0 jobs from Ramp
[Company-Direct] Found 0 jobs from Linear
[Company-Direct] Found 0 jobs from Deel
[Company-Direct] Found 0 jobs from Pave
[Company-Direct] Found 0 jobs from Bespoke Labs
[Company-Direct] Found 0 jobs from Snowflake
[Company-Direct] Found 0 jobs from Perplexity AI
[Company-Direct] Found 0 jobs from Lavendo
[Company-Direct] Found 0 jobs from Employment Hero
[JSearch] Query "software engineer": found 10 jobs
[Company-Direct] Found 17 jobs from Ajaib
[JSearch] Query "backend engineer": found 10 jobs
[TechInAsia] Found 7 jobs (total available: 307)
[JSearch] Query "fullstack developer": found 10 jobs
[JSearch] Total: 30 jobs from 3 queries
[Company-Direct] Found 19 jobs from Stockbit
[Company-Direct] Found 0 jobs from Traveloka
[Company-Direct] Found 0 jobs from Dana
[Company-Direct] Found 0 jobs from Halodoc
[Company-Direct] Found 0 jobs from Kredivo
[Company-Direct] Found 0 jobs from Mitrais
[Company-Direct] Found 0 jobs from TabSquare
[Company-Direct] Found 4 jobs from Grab
[Company-Direct] Found 9 jobs from Wise
[Company-Direct] Found 0 jobs from Kata.ai
[Company-Direct] Found 0 jobs from Carousell
[Company-Direct] Found 5 jobs from Bookipi
[Company-Direct] Found 1 jobs from Shippit
[Blibli] Found 79 jobs (79 engineering out of 177 total)
RemoteOK: 0 jobs, 0 errors
Remotive: 0 jobs, 0 errors
Greenhouse: 442 jobs, 5 errors
JapanDev: 0 jobs, 0 errors
WeWorkRemotely: 0 jobs, 0 errors
TechInAsia: 7 jobs, 0 errors
Kalibrr: 3 jobs, 0 errors
Blibli: 79 jobs, 0 errors
BankNeo: 0 jobs, 0 errors
JSearch: 30 jobs, 0 errors

Total raw jobs collected: 561
After filtering: 91 jobs
After deduplication: 14 new jobs
Appended 14 jobs to Google Sheets

Errors (5):
  - ReCharge crawl failed: Greenhouse API responded with status 404 for ReCharge
  - Netflix crawl failed: Lever API responded with status 404 for Netflix
  - Medium crawl failed: Lever API responded with status 404 for Medium
  - Skillshare crawl failed: Lever API responded with status 404 for Skillshare
  - Tiket crawl failed: Lever API responded with status 404 for Tiket

=== Job Crawler Complete ===
