
## 2026-08-24T00:45:32Z
=== Job Crawler Starting ===
Time: 2026-08-24T00:44:36.781Z
Existing jobs in sheet: 12835
[Remotive] Found 0 jobs
[WeWorkRemotely] Found 0 jobs
[Company-Direct] Found 0 jobs from GitLab
[Company-Direct] Found 2 jobs from Cloudflare
[RemoteOK] Found 0 jobs
[Company-Direct] Found 0 jobs from Figma
[JapanDev] Found 0 jobs
[JSearch] Error for query "software engineer": JSearch API responded with status 429 for query "software engineer"
[Company-Direct] Found 0 jobs from Stripe
[JSearch] Error for query "backend engineer": JSearch API responded with status 429 for query "backend engineer"
[Company-Direct] Found 0 jobs from Vercel
[JSearch] Error for query "fullstack developer": JSearch API responded with status 429 for query "fullstack developer"
[JSearch] Total: 0 jobs from 3 queries
[Company-Direct] Found 0 jobs from Speechify
[Kalibrr] Query "software engineer": found 50 jobs (total: 1071)
[Company-Direct] Found 0 jobs from CircleCI
[Company-Direct] Found 0 jobs from Consensys
[Company-Direct] Found 0 jobs from Modern Health
[Company-Direct] Error crawling ReCharge: Greenhouse API responded with status 404 for ReCharge
[Company-Direct] Found 5 jobs from Xendit
[BankNeo] Found 0 jobs (0 total)
[Company-Direct] Found 1 jobs from Agoda
[Kalibrr] Query "backend engineer": found 50 jobs (total: 1071)
[Company-Direct] Found 0 jobs from Twilio
[Kalibrr] Query "fullstack developer": found 50 jobs (total: 1071)
[Kalibrr] Total: 0 jobs from 3 queries
[Company-Direct] Found 0 jobs from Remote
[Company-Direct] Found 0 jobs from Imply
[Company-Direct] Error crawling Netflix: Lever API responded with status 404 for Netflix
[TechInAsia] Found 0 jobs (total available: 289)
[Company-Direct] Found 0 jobs from Jobgether
[Company-Direct] Found 0 jobs from Kraken
[Company-Direct] Error crawling Medium: Lever API responded with status 404 for Medium
[Company-Direct] Error crawling Skillshare: Lever API responded with status 404 for Skillshare
[Company-Direct] Error crawling Tiket: Lever API responded with status 404 for Tiket
[Company-Direct] Found 0 jobs from Xsolla
[Company-Direct] Found 0 jobs from Notion
[Company-Direct] Found 0 jobs from Ramp
[Company-Direct] Found 0 jobs from Linear
[Company-Direct] Found 0 jobs from Deel
[Company-Direct] Found 0 jobs from Pave
[Company-Direct] Found 0 jobs from Bespoke Labs
[Company-Direct] Found 0 jobs from Snowflake
[Company-Direct] Found 0 jobs from Perplexity AI
[Company-Direct] Found 0 jobs from Lavendo
[Company-Direct] Found 0 jobs from Employment Hero
[Company-Direct] Found 21 jobs from Ajaib
[Blibli] Found 54 jobs (54 engineering out of 191 total)
[Company-Direct] Found 22 jobs from Stockbit
[Company-Direct] Found 0 jobs from Traveloka
[Company-Direct] Found 0 jobs from Dana
[Company-Direct] Found 0 jobs from Halodoc
[Company-Direct] Found 0 jobs from Kredivo
[Company-Direct] Found 0 jobs from Mitrais
[Company-Direct] Found 0 jobs from TabSquare
[Company-Direct] Found 4 jobs from Grab
[Company-Direct] Found 0 jobs from Wise
[Company-Direct] Found 0 jobs from Kata.ai
[Company-Direct] Found 0 jobs from Carousell
[Company-Direct] Found 2 jobs from Bookipi
[Company-Direct] Found 1 jobs from Shippit
RemoteOK: 0 jobs, 0 errors
Remotive: 0 jobs, 0 errors
Greenhouse: 58 jobs, 5 errors
JapanDev: 0 jobs, 0 errors
WeWorkRemotely: 0 jobs, 0 errors
TechInAsia: 0 jobs, 0 errors
Kalibrr: 0 jobs, 0 errors
Blibli: 54 jobs, 0 errors
BankNeo: 0 jobs, 0 errors
JSearch: 0 jobs, 3 errors

Total raw jobs collected: 112
After filtering: 14 jobs
After deduplication: 0 new jobs
No new jobs to add

Errors (8):
  - ReCharge crawl failed: Greenhouse API responded with status 404 for ReCharge
  - Netflix crawl failed: Lever API responded with status 404 for Netflix
  - Medium crawl failed: Lever API responded with status 404 for Medium
  - Skillshare crawl failed: Lever API responded with status 404 for Skillshare
  - Tiket crawl failed: Lever API responded with status 404 for Tiket
  - JSearch query "software engineer" failed: JSearch API responded with status 429 for query "software engineer"
  - JSearch query "backend engineer" failed: JSearch API responded with status 429 for query "backend engineer"
  - JSearch query "fullstack developer" failed: JSearch API responded with status 429 for query "fullstack developer"

=== Job Crawler Complete ===
