
## 2026-10-05T03:13:24Z
=== Job Crawler Starting ===
Time: 2026-10-05T03:12:24.143Z
Existing jobs in sheet: 15541
[Remotive] Found 0 jobs
[Company-Direct] Found 0 jobs from GitLab
[WeWorkRemotely] Found 0 jobs
[JapanDev] Found 0 jobs
[Company-Direct] Found 1 jobs from Cloudflare
[Company-Direct] Found 0 jobs from Figma
[RemoteOK] Found 0 jobs
[Company-Direct] Found 1 jobs from Stripe
[Company-Direct] Found 0 jobs from Vercel
[Company-Direct] Found 0 jobs from Speechify
[Company-Direct] Found 0 jobs from CircleCI
[Company-Direct] Found 0 jobs from Consensys
[Company-Direct] Found 0 jobs from Modern Health
[Company-Direct] Error crawling ReCharge: Greenhouse API responded with status 404 for ReCharge
[Kalibrr] Query "software engineer": found 50 jobs (total: 1077)
[Company-Direct] Found 7 jobs from Xendit
[BankNeo] Found 0 jobs (0 total)
[Company-Direct] Found 5 jobs from Agoda
[Company-Direct] Found 1 jobs from Twilio
[Company-Direct] Found 0 jobs from Remote
[Company-Direct] Found 0 jobs from Imply
[Kalibrr] Query "backend engineer": found 50 jobs (total: 1077)
[Company-Direct] Error crawling Netflix: Lever API responded with status 404 for Netflix
[Kalibrr] Query "fullstack developer": found 50 jobs (total: 1077)
[Kalibrr] Total: 0 jobs from 3 queries
[JSearch] Query "software engineer": found 10 jobs
[TechInAsia] Found 2 jobs (total available: 273)
[JSearch] Query "backend engineer": found 10 jobs
[Company-Direct] Found 79 jobs from Jobgether
[Company-Direct] Found 0 jobs from Kraken
[JSearch] Query "fullstack developer": found 5 jobs
[JSearch] Total: 25 jobs from 3 queries
[Company-Direct] Error crawling Medium: Lever API responded with status 404 for Medium
[Company-Direct] Error crawling Skillshare: Lever API responded with status 404 for Skillshare
[Company-Direct] Error crawling Tiket: Lever API responded with status 404 for Tiket
[Company-Direct] Found 0 jobs from Xsolla
[Company-Direct] Found 0 jobs from Notion
[Company-Direct] Found 0 jobs from Ramp
[Company-Direct] Found 0 jobs from Linear
[Company-Direct] Found 0 jobs from Deel
[Company-Direct] Found 0 jobs from Pave
[Company-Direct] Found 0 jobs from Bespoke Labs
[Company-Direct] Found 0 jobs from Snowflake
[Company-Direct] Found 0 jobs from Perplexity AI
[Company-Direct] Found 0 jobs from Lavendo
[Company-Direct] Found 0 jobs from Employment Hero
[Company-Direct] Found 17 jobs from Ajaib
[Company-Direct] Found 19 jobs from Stockbit
[Company-Direct] Found 0 jobs from Traveloka
[Company-Direct] Found 0 jobs from Dana
[Company-Direct] Found 0 jobs from Halodoc
[Company-Direct] Found 0 jobs from Kredivo
[Company-Direct] Found 0 jobs from Mitrais
[Company-Direct] Found 0 jobs from TabSquare
[Company-Direct] Found 0 jobs from Grab
[Company-Direct] Found 0 jobs from Wise
[Company-Direct] Found 0 jobs from Kata.ai
[Company-Direct] Found 0 jobs from Carousell
[Company-Direct] Found 5 jobs from Bookipi
[Company-Direct] Found 1 jobs from Shippit
[Blibli] Found 80 jobs (80 engineering out of 183 total)
RemoteOK: 0 jobs, 0 errors
Remotive: 0 jobs, 0 errors
Greenhouse: 136 jobs, 5 errors
JapanDev: 0 jobs, 0 errors
WeWorkRemotely: 0 jobs, 0 errors
TechInAsia: 2 jobs, 0 errors
Kalibrr: 0 jobs, 0 errors
Blibli: 80 jobs, 0 errors
BankNeo: 0 jobs, 0 errors
JSearch: 25 jobs, 0 errors

Total raw jobs collected: 243
After filtering: 46 jobs
After deduplication: 25 new jobs
Appended 25 jobs to Google Sheets

Errors (5):
  - ReCharge crawl failed: Greenhouse API responded with status 404 for ReCharge
  - Netflix crawl failed: Lever API responded with status 404 for Netflix
  - Medium crawl failed: Lever API responded with status 404 for Medium
  - Skillshare crawl failed: Lever API responded with status 404 for Skillshare
  - Tiket crawl failed: Lever API responded with status 404 for Tiket

=== Job Crawler Complete ===

## 2026-10-05T13:07:44Z
=== Job Crawler Starting ===
Time: 2026-10-05T13:06:37.797Z
Existing jobs in sheet: 15566
[Remotive] Found 0 jobs
[Company-Direct] Found 1 jobs from GitLab
[WeWorkRemotely] Found 0 jobs
[RemoteOK] Found 0 jobs
[Company-Direct] Found 4 jobs from Cloudflare
[Company-Direct] Found 0 jobs from Figma
[JapanDev] Found 0 jobs
[Company-Direct] Found 2 jobs from Stripe
[Company-Direct] Found 0 jobs from Vercel
[Company-Direct] Found 0 jobs from Speechify
[Company-Direct] Found 0 jobs from CircleCI
[Company-Direct] Found 0 jobs from Consensys
[Company-Direct] Found 0 jobs from Modern Health
[Company-Direct] Error crawling ReCharge: Greenhouse API responded with status 404 for ReCharge
[Company-Direct] Found 7 jobs from Xendit
[Kalibrr] Query "software engineer": found 50 jobs (total: 1094)
[Company-Direct] Found 10 jobs from Agoda
[Company-Direct] Found 2 jobs from Twilio
[Company-Direct] Found 0 jobs from Remote
[Company-Direct] Found 0 jobs from Imply
[Kalibrr] Query "backend engineer": found 50 jobs (total: 1094)
[BankNeo] Found 0 jobs (0 total)
[Company-Direct] Error crawling Netflix: Lever API responded with status 404 for Netflix
[Kalibrr] Query "fullstack developer": found 50 jobs (total: 1094)
[Kalibrr] Total: 6 jobs from 3 queries
[TechInAsia] Found 6 jobs (total available: 271)
[JSearch] Query "software engineer": found 10 jobs
[JSearch] Query "backend engineer": found 10 jobs
[JSearch] Query "fullstack developer": found 8 jobs
[JSearch] Total: 28 jobs from 3 queries
[Company-Direct] Found 427 jobs from Jobgether
[Company-Direct] Found 0 jobs from Kraken
[Company-Direct] Error crawling Medium: Lever API responded with status 404 for Medium
[Company-Direct] Error crawling Skillshare: Lever API responded with status 404 for Skillshare
[Company-Direct] Error crawling Tiket: Lever API responded with status 404 for Tiket
[Company-Direct] Found 0 jobs from Xsolla
[Company-Direct] Found 0 jobs from Notion
[Company-Direct] Found 0 jobs from Ramp
[Company-Direct] Found 0 jobs from Linear
[Company-Direct] Found 0 jobs from Deel
[Company-Direct] Found 0 jobs from Pave
[Company-Direct] Found 0 jobs from Bespoke Labs
[Company-Direct] Found 0 jobs from Snowflake
[Company-Direct] Found 0 jobs from Perplexity AI
[Company-Direct] Found 0 jobs from Lavendo
[Company-Direct] Found 0 jobs from Employment Hero
[Company-Direct] Found 17 jobs from Ajaib
[Company-Direct] Found 17 jobs from Stockbit
[Company-Direct] Found 0 jobs from Traveloka
[Company-Direct] Found 0 jobs from Dana
[Company-Direct] Found 0 jobs from Halodoc
[Company-Direct] Found 0 jobs from Kredivo
[Company-Direct] Found 0 jobs from Mitrais
[Company-Direct] Found 0 jobs from TabSquare
[Company-Direct] Found 4 jobs from Grab
[Company-Direct] Found 2 jobs from Wise
[Company-Direct] Found 0 jobs from Kata.ai
[Company-Direct] Found 0 jobs from Carousell
[Company-Direct] Found 5 jobs from Bookipi
[Company-Direct] Found 1 jobs from Shippit
[Blibli] Found 79 jobs (79 engineering out of 184 total)
RemoteOK: 0 jobs, 0 errors
Remotive: 0 jobs, 0 errors
Greenhouse: 499 jobs, 5 errors
JapanDev: 0 jobs, 0 errors
WeWorkRemotely: 0 jobs, 0 errors
TechInAsia: 6 jobs, 0 errors
Kalibrr: 6 jobs, 0 errors
Blibli: 79 jobs, 0 errors
BankNeo: 0 jobs, 0 errors
JSearch: 28 jobs, 0 errors

Total raw jobs collected: 618
After filtering: 116 jobs
After deduplication: 85 new jobs
Appended 85 jobs to Google Sheets

Errors (5):
  - ReCharge crawl failed: Greenhouse API responded with status 404 for ReCharge
  - Netflix crawl failed: Lever API responded with status 404 for Netflix
  - Medium crawl failed: Lever API responded with status 404 for Medium
  - Skillshare crawl failed: Lever API responded with status 404 for Skillshare
  - Tiket crawl failed: Lever API responded with status 404 for Tiket

=== Job Crawler Complete ===

## 2026-10-05T23:30:59Z
=== Job Crawler Starting ===
Time: 2026-10-05T23:30:04.403Z
Existing jobs in sheet: 15651
[Remotive] Found 0 jobs
[WeWorkRemotely] Found 0 jobs
[JapanDev] Found 0 jobs
[Company-Direct] Found 2 jobs from GitLab
[RemoteOK] Found 0 jobs
[Company-Direct] Found 10 jobs from Cloudflare
[Company-Direct] Found 1 jobs from Figma
[BankNeo] Found 0 jobs (0 total)
[Company-Direct] Found 7 jobs from Stripe
[Company-Direct] Found 1 jobs from Vercel
[Company-Direct] Found 285 jobs from Speechify
[Kalibrr] Query "software engineer": found 50 jobs (total: 1087)
[Company-Direct] Found 0 jobs from CircleCI
[Company-Direct] Found 0 jobs from Consensys
[Company-Direct] Found 0 jobs from Modern Health
[Company-Direct] Error crawling ReCharge: Greenhouse API responded with status 404 for ReCharge
[Company-Direct] Found 7 jobs from Xendit
[Kalibrr] Query "backend engineer": found 50 jobs (total: 1087)
[Company-Direct] Found 10 jobs from Agoda
[Company-Direct] Found 16 jobs from Twilio
[Company-Direct] Found 0 jobs from Remote
[Kalibrr] Query "fullstack developer": found 50 jobs (total: 1087)
[Kalibrr] Total: 10 jobs from 3 queries
[Company-Direct] Found 0 jobs from Imply
[Company-Direct] Error crawling Netflix: Lever API responded with status 404 for Netflix
[JSearch] Query "software engineer": found 7 jobs
[Company-Direct] Found 427 jobs from Jobgether
[Company-Direct] Found 0 jobs from Kraken
[JSearch] Query "backend engineer": found 8 jobs
[JSearch] Query "fullstack developer": found 5 jobs
[JSearch] Total: 20 jobs from 3 queries
[Company-Direct] Error crawling Medium: Lever API responded with status 404 for Medium
[Company-Direct] Error crawling Skillshare: Lever API responded with status 404 for Skillshare
[Company-Direct] Error crawling Tiket: Lever API responded with status 404 for Tiket
[Company-Direct] Found 0 jobs from Xsolla
[Company-Direct] Found 0 jobs from Notion
[Company-Direct] Found 0 jobs from Ramp
[Company-Direct] Found 0 jobs from Linear
[Company-Direct] Found 0 jobs from Deel
[Company-Direct] Found 0 jobs from Pave
[Company-Direct] Found 0 jobs from Bespoke Labs
[Company-Direct] Found 0 jobs from Snowflake
[TechInAsia] Found 4 jobs (total available: 271)
[Company-Direct] Found 0 jobs from Perplexity AI
[Company-Direct] Found 0 jobs from Lavendo
[Company-Direct] Found 0 jobs from Employment Hero
[Company-Direct] Found 17 jobs from Ajaib
[Company-Direct] Found 17 jobs from Stockbit
[Company-Direct] Found 0 jobs from Traveloka
[Company-Direct] Found 0 jobs from Dana
[Company-Direct] Found 0 jobs from Halodoc
[Company-Direct] Found 0 jobs from Kredivo
[Company-Direct] Found 0 jobs from Mitrais
[Company-Direct] Found 0 jobs from TabSquare
[Company-Direct] Found 5 jobs from Grab
[Company-Direct] Found 2 jobs from Wise
[Company-Direct] Found 0 jobs from Kata.ai
[Company-Direct] Found 0 jobs from Carousell
[Company-Direct] Found 5 jobs from Bookipi
[Company-Direct] Found 1 jobs from Shippit
[Blibli] Found 79 jobs (79 engineering out of 184 total)
RemoteOK: 0 jobs, 0 errors
Remotive: 0 jobs, 0 errors
Greenhouse: 813 jobs, 5 errors
JapanDev: 0 jobs, 0 errors
WeWorkRemotely: 0 jobs, 0 errors
TechInAsia: 4 jobs, 0 errors
Kalibrr: 10 jobs, 0 errors
Blibli: 79 jobs, 0 errors
BankNeo: 0 jobs, 0 errors
JSearch: 20 jobs, 0 errors

Total raw jobs collected: 926
After filtering: 116 jobs
After deduplication: 13 new jobs
Appended 13 jobs to Google Sheets

Errors (5):
  - ReCharge crawl failed: Greenhouse API responded with status 404 for ReCharge
  - Netflix crawl failed: Lever API responded with status 404 for Netflix
  - Medium crawl failed: Lever API responded with status 404 for Medium
  - Skillshare crawl failed: Lever API responded with status 404 for Skillshare
  - Tiket crawl failed: Lever API responded with status 404 for Tiket

=== Job Crawler Complete ===
