
## 2026-07-27T02:05:44Z
=== Job Crawler Starting ===
Time: 2026-07-27T02:04:58.025Z
Existing jobs in sheet: 11150
[Remotive] Found 0 jobs
[WeWorkRemotely] Found 0 jobs
[Company-Direct] Found 0 jobs from GitLab
[Company-Direct] Found 1 jobs from Cloudflare
[Company-Direct] Found 0 jobs from Figma
[JapanDev] Found 0 jobs
[RemoteOK] Found 0 jobs
[Company-Direct] Found 0 jobs from Stripe
[Company-Direct] Found 0 jobs from Vercel
[Company-Direct] Found 0 jobs from Speechify
[Company-Direct] Found 0 jobs from CircleCI
[Company-Direct] Found 0 jobs from Consensys
[Company-Direct] Found 0 jobs from Modern Health
[BankNeo] Found 0 jobs (0 total)
[Kalibrr] Query "software engineer": found 50 jobs (total: 1046)
[Kalibrr] Query "backend engineer": found 50 jobs (total: 1046)
[Company-Direct] Error crawling ReCharge: Greenhouse API responded with status 404 for ReCharge
[Kalibrr] Query "fullstack developer": found 50 jobs (total: 1046)
[Kalibrr] Total: 0 jobs from 3 queries
[Company-Direct] Found 3 jobs from Xendit
[Company-Direct] Found 0 jobs from Agoda
[Company-Direct] Found 0 jobs from Twilio
[Company-Direct] Found 0 jobs from Remote
[Company-Direct] Found 0 jobs from Imply
[Company-Direct] Found 0 jobs from Netflix
[Company-Direct] Found 11 jobs from Jobgether
[Company-Direct] Found 0 jobs from Kraken
[Company-Direct] Found 0 jobs from Medium
[Company-Direct] Error crawling Skillshare: Lever API responded with status 404 for Skillshare
[Company-Direct] Found 0 jobs from Tiket
[Company-Direct] Found 0 jobs from Xsolla
[Company-Direct] Found 0 jobs from Notion
[Company-Direct] Found 0 jobs from Ramp
[Company-Direct] Found 0 jobs from Linear
[Company-Direct] Found 0 jobs from Deel
[Company-Direct] Found 0 jobs from Pave
[Company-Direct] Found 0 jobs from Bespoke Labs
[Company-Direct] Found 0 jobs from Snowflake
[Company-Direct] Found 0 jobs from Perplexity AI
[Company-Direct] Found 0 jobs from Lavendo
[Company-Direct] Found 0 jobs from Employment Hero
[Company-Direct] Found 21 jobs from Ajaib
[JSearch] Query "software engineer": found 9 jobs
[TechInAsia] Found 1 jobs (total available: 290)
[JSearch] Query "backend engineer": found 9 jobs
[JSearch] Query "fullstack developer": found 2 jobs
[JSearch] Total: 20 jobs from 3 queries
[Company-Direct] Found 23 jobs from Stockbit
[Company-Direct] Found 0 jobs from Traveloka
[Company-Direct] Found 0 jobs from Dana
[Company-Direct] Found 0 jobs from Halodoc
[Company-Direct] Found 0 jobs from Kredivo
[Company-Direct] Found 0 jobs from Mitrais
[Company-Direct] Found 0 jobs from TabSquare
[Company-Direct] Found 2 jobs from Grab
[Company-Direct] Found 0 jobs from Wise
[Company-Direct] Found 0 jobs from Kata.ai
[Company-Direct] Found 0 jobs from Carousell
[Company-Direct] Found 2 jobs from Bookipi
[Company-Direct] Found 0 jobs from Shippit
[Blibli] Found 53 jobs (53 engineering out of 173 total)
RemoteOK: 0 jobs, 0 errors
Remotive: 0 jobs, 0 errors
Greenhouse: 63 jobs, 2 errors
JapanDev: 0 jobs, 0 errors
WeWorkRemotely: 0 jobs, 0 errors
TechInAsia: 1 jobs, 0 errors
Kalibrr: 0 jobs, 0 errors
Blibli: 53 jobs, 0 errors
BankNeo: 0 jobs, 0 errors
JSearch: 20 jobs, 0 errors

Total raw jobs collected: 137
After filtering: 29 jobs
After deduplication: 9 new jobs
Appended 9 jobs to Google Sheets

Errors (2):
  - ReCharge crawl failed: Greenhouse API responded with status 404 for ReCharge
  - Skillshare crawl failed: Lever API responded with status 404 for Skillshare

=== Job Crawler Complete ===

## 2026-07-27T09:34:09Z
=== Job Crawler Starting ===
Time: 2026-07-27T09:33:22.758Z
Existing jobs in sheet: 11159
[Remotive] Found 0 jobs
[Company-Direct] Found 0 jobs from GitLab
[Company-Direct] Found 1 jobs from Cloudflare
[JapanDev] Found 0 jobs
[Company-Direct] Found 0 jobs from Figma
[WeWorkRemotely] Found 0 jobs
[RemoteOK] Found 0 jobs
[Company-Direct] Found 3 jobs from Stripe
[Company-Direct] Found 0 jobs from Vercel
[Company-Direct] Found 0 jobs from Speechify
[Company-Direct] Found 0 jobs from CircleCI
[Kalibrr] Query "software engineer": found 50 jobs (total: 1051)
[Company-Direct] Found 0 jobs from Consensys
[Company-Direct] Found 0 jobs from Modern Health
[Company-Direct] Error crawling ReCharge: Greenhouse API responded with status 404 for ReCharge
[BankNeo] Found 0 jobs (0 total)
[Company-Direct] Found 3 jobs from Xendit
[Company-Direct] Found 4 jobs from Agoda
[Kalibrr] Query "backend engineer": found 50 jobs (total: 1051)
[Kalibrr] Query "fullstack developer": found 50 jobs (total: 1051)
[Kalibrr] Total: 2 jobs from 3 queries
[Company-Direct] Found 1 jobs from Twilio
[Company-Direct] Found 0 jobs from Remote
[Company-Direct] Found 0 jobs from Imply
[Company-Direct] Found 0 jobs from Netflix
[JSearch] Query "software engineer": found 9 jobs
[Company-Direct] Found 214 jobs from Jobgether
[Company-Direct] Found 0 jobs from Kraken
[Company-Direct] Found 0 jobs from Medium
[Company-Direct] Error crawling Skillshare: Lever API responded with status 404 for Skillshare
[Company-Direct] Found 0 jobs from Tiket
[Company-Direct] Found 0 jobs from Xsolla
[Company-Direct] Found 0 jobs from Notion
[Company-Direct] Found 0 jobs from Ramp
[Company-Direct] Found 0 jobs from Linear
[Company-Direct] Found 0 jobs from Deel
[Company-Direct] Found 0 jobs from Pave
[Company-Direct] Found 0 jobs from Bespoke Labs
[JSearch] Query "backend engineer": found 9 jobs
[Company-Direct] Found 0 jobs from Snowflake
[Company-Direct] Found 0 jobs from Perplexity AI
[Company-Direct] Found 0 jobs from Lavendo
[Company-Direct] Found 0 jobs from Employment Hero
[TechInAsia] Found 8 jobs (total available: 291)
[Company-Direct] Found 23 jobs from Ajaib
[JSearch] Query "fullstack developer": found 6 jobs
[JSearch] Total: 24 jobs from 3 queries
[Company-Direct] Found 24 jobs from Stockbit
[Company-Direct] Found 0 jobs from Traveloka
[Company-Direct] Found 0 jobs from Dana
[Company-Direct] Found 0 jobs from Halodoc
[Company-Direct] Found 0 jobs from Kredivo
[Company-Direct] Found 0 jobs from Mitrais
[Company-Direct] Found 0 jobs from TabSquare
[Company-Direct] Found 9 jobs from Grab
[Company-Direct] Found 0 jobs from Wise
[Company-Direct] Found 0 jobs from Kata.ai
[Company-Direct] Found 2 jobs from Carousell
[Company-Direct] Found 2 jobs from Bookipi
[Company-Direct] Found 0 jobs from Shippit
[Blibli] Found 53 jobs (53 engineering out of 173 total)
RemoteOK: 0 jobs, 0 errors
Remotive: 0 jobs, 0 errors
Greenhouse: 286 jobs, 2 errors
JapanDev: 0 jobs, 0 errors
WeWorkRemotely: 0 jobs, 0 errors
TechInAsia: 8 jobs, 0 errors
Kalibrr: 2 jobs, 0 errors
Blibli: 53 jobs, 0 errors
BankNeo: 0 jobs, 0 errors
JSearch: 24 jobs, 0 errors

Total raw jobs collected: 373
After filtering: 66 jobs
After deduplication: 48 new jobs
Appended 48 jobs to Google Sheets

Errors (2):
  - ReCharge crawl failed: Greenhouse API responded with status 404 for ReCharge
  - Skillshare crawl failed: Lever API responded with status 404 for Skillshare

=== Job Crawler Complete ===

## 2026-07-27T14:13:04Z
=== Job Crawler Starting ===
Time: 2026-07-27T14:12:21.293Z
Existing jobs in sheet: 11207
[Remotive] Found 0 jobs
[Company-Direct] Found 1 jobs from GitLab
[WeWorkRemotely] Found 0 jobs
[Company-Direct] Found 3 jobs from Cloudflare
[Company-Direct] Found 0 jobs from Figma
[JapanDev] Found 0 jobs
[Company-Direct] Found 3 jobs from Stripe
[Company-Direct] Found 0 jobs from Vercel
[RemoteOK] Found 0 jobs
[Company-Direct] Found 0 jobs from Speechify
[Company-Direct] Found 0 jobs from CircleCI
[Company-Direct] Found 0 jobs from Consensys
[Company-Direct] Found 0 jobs from Modern Health
[Company-Direct] Error crawling ReCharge: Greenhouse API responded with status 404 for ReCharge
[BankNeo] Found 0 jobs (0 total)
[Company-Direct] Found 3 jobs from Xendit
[Company-Direct] Found 4 jobs from Agoda
[Company-Direct] Found 1 jobs from Twilio
[Kalibrr] Query "software engineer": found 50 jobs (total: 1054)
[Company-Direct] Found 0 jobs from Remote
[Company-Direct] Found 0 jobs from Imply
[Company-Direct] Found 0 jobs from Netflix
[Kalibrr] Query "backend engineer": found 50 jobs (total: 1054)
[Kalibrr] Query "fullstack developer": found 50 jobs (total: 1054)
[Kalibrr] Total: 3 jobs from 3 queries
[Company-Direct] Found 482 jobs from Jobgether
[Company-Direct] Found 0 jobs from Kraken
[Company-Direct] Found 0 jobs from Medium
[Company-Direct] Error crawling Skillshare: Lever API responded with status 404 for Skillshare
[Company-Direct] Found 0 jobs from Tiket
[Company-Direct] Found 0 jobs from Xsolla
[Company-Direct] Found 0 jobs from Notion
[Company-Direct] Found 0 jobs from Ramp
[Company-Direct] Found 0 jobs from Linear
[Company-Direct] Found 0 jobs from Deel
[Company-Direct] Found 0 jobs from Pave
[Company-Direct] Found 0 jobs from Bespoke Labs
[Company-Direct] Found 0 jobs from Snowflake
[Company-Direct] Found 0 jobs from Perplexity AI
[Company-Direct] Found 0 jobs from Lavendo
[Company-Direct] Found 0 jobs from Employment Hero
[Company-Direct] Found 23 jobs from Ajaib
[TechInAsia] Found 11 jobs (total available: 293)
[JSearch] Query "software engineer": found 10 jobs
[JSearch] Query "backend engineer": found 10 jobs
[JSearch] Query "fullstack developer": found 10 jobs
[JSearch] Total: 30 jobs from 3 queries
[Company-Direct] Found 24 jobs from Stockbit
[Company-Direct] Found 0 jobs from Traveloka
[Company-Direct] Found 0 jobs from Dana
[Company-Direct] Found 0 jobs from Halodoc
[Company-Direct] Found 0 jobs from Kredivo
[Company-Direct] Found 0 jobs from Mitrais
[Company-Direct] Found 0 jobs from TabSquare
[Company-Direct] Found 8 jobs from Grab
[Company-Direct] Found 1 jobs from Wise
[Company-Direct] Found 0 jobs from Kata.ai
[Company-Direct] Found 2 jobs from Carousell
[Company-Direct] Found 2 jobs from Bookipi
[Company-Direct] Found 0 jobs from Shippit
[Blibli] Found 53 jobs (53 engineering out of 172 total)
RemoteOK: 0 jobs, 0 errors
Remotive: 0 jobs, 0 errors
Greenhouse: 557 jobs, 2 errors
JapanDev: 0 jobs, 0 errors
WeWorkRemotely: 0 jobs, 0 errors
TechInAsia: 11 jobs, 0 errors
Kalibrr: 3 jobs, 0 errors
Blibli: 53 jobs, 0 errors
BankNeo: 0 jobs, 0 errors
JSearch: 30 jobs, 0 errors

Total raw jobs collected: 654
After filtering: 104 jobs
After deduplication: 53 new jobs
Appended 53 jobs to Google Sheets

Errors (2):
  - ReCharge crawl failed: Greenhouse API responded with status 404 for ReCharge
  - Skillshare crawl failed: Lever API responded with status 404 for Skillshare

=== Job Crawler Complete ===
