
## 2026-08-03T01:59:39Z
=== Job Crawler Starting ===
Time: 2026-08-03T01:58:53.169Z
Existing jobs in sheet: 11791
[Remotive] Found 0 jobs
[Company-Direct] Found 0 jobs from GitLab
[WeWorkRemotely] Found 0 jobs
[JapanDev] Found 0 jobs
[RemoteOK] Found 0 jobs
[Kalibrr] Query "software engineer": found 50 jobs (total: 973)
[BankNeo] Found 0 jobs (0 total)
[Kalibrr] Query "backend engineer": found 50 jobs (total: 973)
[Kalibrr] Query "fullstack developer": found 50 jobs (total: 973)
[Kalibrr] Total: 0 jobs from 3 queries
[TechInAsia] Found 0 jobs (total available: 284)
[Company-Direct] Found 0 jobs from Cloudflare
[Company-Direct] Found 0 jobs from Figma
[Company-Direct] Found 0 jobs from Stripe
[Company-Direct] Found 0 jobs from Vercel
[Company-Direct] Found 0 jobs from Speechify
[Company-Direct] Found 0 jobs from CircleCI
[Company-Direct] Found 0 jobs from Consensys
[Company-Direct] Found 0 jobs from Modern Health
[Company-Direct] Error crawling ReCharge: Greenhouse API responded with status 404 for ReCharge
[Company-Direct] Found 3 jobs from Xendit
[Company-Direct] Found 1 jobs from Agoda
[Company-Direct] Found 0 jobs from Twilio
[Company-Direct] Found 0 jobs from Remote
[Company-Direct] Found 0 jobs from Imply
[Company-Direct] Error crawling Netflix: Lever API responded with status 404 for Netflix
[Company-Direct] Found 0 jobs from Jobgether
[Company-Direct] Found 0 jobs from Kraken
[Company-Direct] Error crawling Medium: Lever API responded with status 404 for Medium
[Company-Direct] Error crawling Skillshare: Lever API responded with status 404 for Skillshare
[JSearch] Query "software engineer": found 10 jobs
[Company-Direct] Found 0 jobs from Tiket
[Company-Direct] Found 0 jobs from Xsolla
[Company-Direct] Found 0 jobs from Notion
[Company-Direct] Found 0 jobs from Ramp
[Company-Direct] Found 0 jobs from Linear
[Company-Direct] Found 0 jobs from Deel
[Company-Direct] Found 0 jobs from Pave
[Company-Direct] Found 0 jobs from Bespoke Labs
[Company-Direct] Found 0 jobs from Snowflake
[Company-Direct] Found 0 jobs from Perplexity AI
[Company-Direct] Found 0 jobs from Lavendo
[Company-Direct] Found 0 jobs from Employment Hero
[Company-Direct] Found 23 jobs from Ajaib
[JSearch] Query "backend engineer": found 6 jobs
[JSearch] Query "fullstack developer": found 2 jobs
[JSearch] Total: 18 jobs from 3 queries
[Company-Direct] Found 24 jobs from Stockbit
[Company-Direct] Found 0 jobs from Traveloka
[Company-Direct] Found 0 jobs from Dana
[Company-Direct] Found 0 jobs from Halodoc
[Company-Direct] Found 0 jobs from Kredivo
[Company-Direct] Found 0 jobs from Mitrais
[Company-Direct] Found 0 jobs from TabSquare
[Company-Direct] Found 0 jobs from Grab
[Company-Direct] Found 0 jobs from Wise
[Company-Direct] Found 0 jobs from Kata.ai
[Company-Direct] Found 0 jobs from Carousell
[Company-Direct] Found 2 jobs from Bookipi
[Company-Direct] Found 0 jobs from Shippit
[Blibli] Found 50 jobs (50 engineering out of 169 total)
RemoteOK: 0 jobs, 0 errors
Remotive: 0 jobs, 0 errors
Greenhouse: 53 jobs, 4 errors
JapanDev: 0 jobs, 0 errors
WeWorkRemotely: 0 jobs, 0 errors
TechInAsia: 0 jobs, 0 errors
Kalibrr: 0 jobs, 0 errors
Blibli: 50 jobs, 0 errors
BankNeo: 0 jobs, 0 errors
JSearch: 18 jobs, 0 errors

Total raw jobs collected: 121
After filtering: 26 jobs
After deduplication: 15 new jobs
Appended 15 jobs to Google Sheets

Errors (4):
  - ReCharge crawl failed: Greenhouse API responded with status 404 for ReCharge
  - Netflix crawl failed: Lever API responded with status 404 for Netflix
  - Medium crawl failed: Lever API responded with status 404 for Medium
  - Skillshare crawl failed: Lever API responded with status 404 for Skillshare

=== Job Crawler Complete ===

## 2026-08-03T09:25:44Z
=== Job Crawler Starting ===
Time: 2026-08-03T09:25:00.780Z
Existing jobs in sheet: 11806
[Remotive] Found 0 jobs
[WeWorkRemotely] Found 0 jobs
[Company-Direct] Found 0 jobs from GitLab
[Company-Direct] Found 0 jobs from Cloudflare
[RemoteOK] Found 0 jobs
[JapanDev] Found 0 jobs
[Company-Direct] Found 0 jobs from Figma
[Company-Direct] Found 1 jobs from Stripe
[Company-Direct] Found 1 jobs from Vercel
[Company-Direct] Found 147 jobs from Speechify
[Company-Direct] Found 0 jobs from CircleCI
[Company-Direct] Found 0 jobs from Consensys
[Company-Direct] Found 0 jobs from Modern Health
[Company-Direct] Error crawling ReCharge: Greenhouse API responded with status 404 for ReCharge
[BankNeo] Found 0 jobs (0 total)
[Company-Direct] Found 3 jobs from Xendit
[Kalibrr] Query "software engineer": found 50 jobs (total: 1001)
[Company-Direct] Found 1 jobs from Agoda
[Kalibrr] Query "backend engineer": found 50 jobs (total: 1001)
[Company-Direct] Found 0 jobs from Twilio
[Company-Direct] Found 0 jobs from Remote
[Company-Direct] Found 0 jobs from Imply
[Kalibrr] Query "fullstack developer": found 50 jobs (total: 1001)
[Kalibrr] Total: 1 jobs from 3 queries
[Company-Direct] Error crawling Netflix: Lever API responded with status 404 for Netflix
[JSearch] Query "software engineer": found 10 jobs
[Company-Direct] Found 101 jobs from Jobgether
[Company-Direct] Found 0 jobs from Kraken
[Company-Direct] Error crawling Medium: Lever API responded with status 404 for Medium
[Company-Direct] Error crawling Skillshare: Lever API responded with status 404 for Skillshare
[Company-Direct] Found 0 jobs from Tiket
[Company-Direct] Found 1 jobs from Xsolla
[Company-Direct] Found 0 jobs from Notion
[Company-Direct] Found 0 jobs from Ramp
[Company-Direct] Found 0 jobs from Linear
[Company-Direct] Found 0 jobs from Deel
[Company-Direct] Found 0 jobs from Pave
[Company-Direct] Found 0 jobs from Bespoke Labs
[Company-Direct] Found 0 jobs from Snowflake
[Company-Direct] Found 0 jobs from Perplexity AI
[Company-Direct] Found 0 jobs from Lavendo
[Company-Direct] Found 0 jobs from Employment Hero
[JSearch] Query "backend engineer": found 10 jobs
[Company-Direct] Found 23 jobs from Ajaib
[TechInAsia] Found 12 jobs (total available: 286)
[JSearch] Query "fullstack developer": found 2 jobs
[JSearch] Total: 22 jobs from 3 queries
[Company-Direct] Found 24 jobs from Stockbit
[Company-Direct] Found 0 jobs from Traveloka
[Company-Direct] Found 0 jobs from Dana
[Company-Direct] Found 0 jobs from Halodoc
[Company-Direct] Found 0 jobs from Kredivo
[Company-Direct] Found 0 jobs from Mitrais
[Company-Direct] Found 0 jobs from TabSquare
[Company-Direct] Found 2 jobs from Grab
[Company-Direct] Found 2 jobs from Wise
[Company-Direct] Found 0 jobs from Kata.ai
[Company-Direct] Found 0 jobs from Carousell
[Company-Direct] Found 2 jobs from Bookipi
[Company-Direct] Found 0 jobs from Shippit
[Blibli] Found 50 jobs (50 engineering out of 170 total)
RemoteOK: 0 jobs, 0 errors
Remotive: 0 jobs, 0 errors
Greenhouse: 308 jobs, 4 errors
JapanDev: 0 jobs, 0 errors
WeWorkRemotely: 0 jobs, 0 errors
TechInAsia: 12 jobs, 0 errors
Kalibrr: 1 jobs, 0 errors
Blibli: 50 jobs, 0 errors
BankNeo: 0 jobs, 0 errors
JSearch: 22 jobs, 0 errors

Total raw jobs collected: 393
After filtering: 163 jobs
After deduplication: 30 new jobs
Appended 30 jobs to Google Sheets

Errors (4):
  - ReCharge crawl failed: Greenhouse API responded with status 404 for ReCharge
  - Netflix crawl failed: Lever API responded with status 404 for Netflix
  - Medium crawl failed: Lever API responded with status 404 for Medium
  - Skillshare crawl failed: Lever API responded with status 404 for Skillshare

=== Job Crawler Complete ===

## 2026-08-03T14:18:46Z
=== Job Crawler Starting ===
Time: 2026-08-03T14:18:08.302Z
Existing jobs in sheet: 11836
[Remotive] Found 0 jobs
[Company-Direct] Found 0 jobs from GitLab
[WeWorkRemotely] Found 0 jobs
[Company-Direct] Found 1 jobs from Cloudflare
[JapanDev] Found 0 jobs
[Company-Direct] Found 0 jobs from Figma
[Company-Direct] Found 1 jobs from Stripe
[RemoteOK] Found 0 jobs
[BankNeo] Found 0 jobs (0 total)
[Company-Direct] Found 1 jobs from Vercel
[Company-Direct] Found 147 jobs from Speechify
[Company-Direct] Found 0 jobs from CircleCI
[Kalibrr] Query "software engineer": found 50 jobs (total: 1005)
[Company-Direct] Found 0 jobs from Consensys
[Company-Direct] Found 0 jobs from Modern Health
[Company-Direct] Error crawling ReCharge: Greenhouse API responded with status 404 for ReCharge
[Company-Direct] Found 3 jobs from Xendit
[Kalibrr] Query "backend engineer": found 50 jobs (total: 1005)
[Company-Direct] Found 1 jobs from Agoda
[Company-Direct] Found 0 jobs from Twilio
[Kalibrr] Query "fullstack developer": found 50 jobs (total: 1005)
[Kalibrr] Total: 8 jobs from 3 queries
[Company-Direct] Found 0 jobs from Remote
[Company-Direct] Found 0 jobs from Imply
[Company-Direct] Error crawling Netflix: Lever API responded with status 404 for Netflix
[JSearch] Query "software engineer": found 9 jobs
[Company-Direct] Found 139 jobs from Jobgether
[Company-Direct] Found 0 jobs from Kraken
[Company-Direct] Error crawling Medium: Lever API responded with status 404 for Medium
[Company-Direct] Error crawling Skillshare: Lever API responded with status 404 for Skillshare
[Company-Direct] Found 0 jobs from Tiket
[Company-Direct] Found 1 jobs from Xsolla
[Company-Direct] Found 0 jobs from Notion
[Company-Direct] Found 0 jobs from Ramp
[Company-Direct] Found 0 jobs from Linear
[Company-Direct] Found 0 jobs from Deel
[Company-Direct] Found 0 jobs from Pave
[Company-Direct] Found 0 jobs from Bespoke Labs
[Company-Direct] Found 0 jobs from Snowflake
[Company-Direct] Found 0 jobs from Perplexity AI
[Company-Direct] Found 0 jobs from Lavendo
[Company-Direct] Found 0 jobs from Employment Hero
[JSearch] Query "backend engineer": found 10 jobs
[Company-Direct] Found 23 jobs from Ajaib
[TechInAsia] Found 14 jobs (total available: 282)
[JSearch] Query "fullstack developer": found 9 jobs
[JSearch] Total: 28 jobs from 3 queries
[Company-Direct] Found 24 jobs from Stockbit
[Company-Direct] Found 0 jobs from Traveloka
[Company-Direct] Found 0 jobs from Dana
[Company-Direct] Found 0 jobs from Halodoc
[Company-Direct] Found 0 jobs from Kredivo
[Company-Direct] Found 0 jobs from Mitrais
[Company-Direct] Found 0 jobs from TabSquare
[Company-Direct] Found 4 jobs from Grab
[Company-Direct] Found 3 jobs from Wise
[Company-Direct] Found 0 jobs from Kata.ai
[Company-Direct] Found 0 jobs from Carousell
[Company-Direct] Found 2 jobs from Bookipi
[Company-Direct] Found 0 jobs from Shippit
[Blibli] Found 50 jobs (50 engineering out of 171 total)
RemoteOK: 0 jobs, 0 errors
Remotive: 0 jobs, 0 errors
Greenhouse: 350 jobs, 4 errors
JapanDev: 0 jobs, 0 errors
WeWorkRemotely: 0 jobs, 0 errors
TechInAsia: 14 jobs, 0 errors
Kalibrr: 8 jobs, 0 errors
Blibli: 50 jobs, 0 errors
BankNeo: 0 jobs, 0 errors
JSearch: 28 jobs, 0 errors

Total raw jobs collected: 450
After filtering: 174 jobs
After deduplication: 22 new jobs
Appended 22 jobs to Google Sheets

Errors (4):
  - ReCharge crawl failed: Greenhouse API responded with status 404 for ReCharge
  - Netflix crawl failed: Lever API responded with status 404 for Netflix
  - Medium crawl failed: Lever API responded with status 404 for Medium
  - Skillshare crawl failed: Lever API responded with status 404 for Skillshare

=== Job Crawler Complete ===

## 2026-08-03T19:20:59Z
=== Job Crawler Starting ===
Time: 2026-08-03T19:20:12.191Z
Existing jobs in sheet: 11858
[Remotive] Found 0 jobs
[WeWorkRemotely] Found 0 jobs
[Company-Direct] Found 3 jobs from GitLab
[JapanDev] Found 0 jobs
[Company-Direct] Found 8 jobs from Cloudflare
[Company-Direct] Found 0 jobs from Figma
[RemoteOK] Found 0 jobs
[Company-Direct] Found 3 jobs from Stripe
[Company-Direct] Found 2 jobs from Vercel
[Company-Direct] Found 147 jobs from Speechify
[BankNeo] Found 0 jobs (0 total)
[Kalibrr] Query "software engineer": found 50 jobs (total: 1006)
[Kalibrr] Query "backend engineer": found 50 jobs (total: 1006)
[Kalibrr] Query "fullstack developer": found 50 jobs (total: 1006)
[Kalibrr] Total: 12 jobs from 3 queries
[Company-Direct] Found 0 jobs from CircleCI
[Company-Direct] Found 0 jobs from Consensys
[Company-Direct] Found 0 jobs from Modern Health
[Company-Direct] Error crawling ReCharge: Greenhouse API responded with status 404 for ReCharge
[Company-Direct] Found 3 jobs from Xendit
[Company-Direct] Found 8 jobs from Agoda
[Company-Direct] Found 1 jobs from Twilio
[Company-Direct] Found 0 jobs from Remote
[Company-Direct] Found 0 jobs from Imply
[Company-Direct] Error crawling Netflix: Lever API responded with status 404 for Netflix
[JSearch] Query "software engineer": found 10 jobs
[TechInAsia] Found 14 jobs (total available: 282)
[Company-Direct] Found 143 jobs from Jobgether
[Company-Direct] Found 0 jobs from Kraken
[Company-Direct] Error crawling Medium: Lever API responded with status 404 for Medium
[Company-Direct] Error crawling Skillshare: Lever API responded with status 404 for Skillshare
[Company-Direct] Found 0 jobs from Tiket
[Company-Direct] Found 1 jobs from Xsolla
[Company-Direct] Found 0 jobs from Notion
[Company-Direct] Found 0 jobs from Ramp
[Company-Direct] Found 0 jobs from Linear
[Company-Direct] Found 0 jobs from Deel
[Company-Direct] Found 0 jobs from Pave
[Company-Direct] Found 0 jobs from Bespoke Labs
[Company-Direct] Found 0 jobs from Snowflake
[Company-Direct] Found 0 jobs from Perplexity AI
[Company-Direct] Found 0 jobs from Lavendo
[Company-Direct] Found 0 jobs from Employment Hero
[JSearch] Query "backend engineer": found 10 jobs
[Company-Direct] Found 23 jobs from Ajaib
[JSearch] Query "fullstack developer": found 10 jobs
[JSearch] Total: 30 jobs from 3 queries
[Blibli] Found 50 jobs (50 engineering out of 171 total)
[Company-Direct] Found 24 jobs from Stockbit
[Company-Direct] Found 0 jobs from Traveloka
[Company-Direct] Found 0 jobs from Dana
[Company-Direct] Found 0 jobs from Halodoc
[Company-Direct] Found 0 jobs from Kredivo
[Company-Direct] Found 0 jobs from Mitrais
[Company-Direct] Found 0 jobs from TabSquare
[Company-Direct] Found 4 jobs from Grab
[Company-Direct] Found 4 jobs from Wise
[Company-Direct] Found 0 jobs from Kata.ai
[Company-Direct] Found 0 jobs from Carousell
[Company-Direct] Found 2 jobs from Bookipi
[Company-Direct] Found 0 jobs from Shippit
RemoteOK: 0 jobs, 0 errors
Remotive: 0 jobs, 0 errors
Greenhouse: 376 jobs, 4 errors
JapanDev: 0 jobs, 0 errors
WeWorkRemotely: 0 jobs, 0 errors
TechInAsia: 14 jobs, 0 errors
Kalibrr: 12 jobs, 0 errors
Blibli: 50 jobs, 0 errors
BankNeo: 0 jobs, 0 errors
JSearch: 30 jobs, 0 errors

Total raw jobs collected: 482
After filtering: 180 jobs
After deduplication: 15 new jobs
Appended 15 jobs to Google Sheets

Errors (4):
  - ReCharge crawl failed: Greenhouse API responded with status 404 for ReCharge
  - Netflix crawl failed: Lever API responded with status 404 for Netflix
  - Medium crawl failed: Lever API responded with status 404 for Medium
  - Skillshare crawl failed: Lever API responded with status 404 for Skillshare

=== Job Crawler Complete ===
